Microchip Technology Inc, v2.00 (B)

Tool Name:
  c:\program files\microchip\xc16\v2.00\bin\bin\..\bin/elf-ld.exe

Command:
  -p33CK32MC102 \
  --mdfp=C:/Users/manue/.mchp_packs/Microchip/dsPIC33CK-MC_DFP/1.3.56/xc16 \
  -o \
  dist/default/production/panavent.gases.pic.X.production.elf \
  -Lc:/program files/microchip/xc16/v2.00/bin/bin/.. \
  -LC:/Users/manue/.mchp_packs/Microchip/dsPIC33CK-MC_DFP/1.3.56/xc16/bin/../support/dsPIC33C/gld \
  -Lc:/program files/microchip/xc16/v2.00/bin/bin/../../lib \
  -Lc:/program files/microchip/xc16/v2.00/bin/bin/../../support/PIC24E/gld \
  -Lc:/program files/microchip/xc16/v2.00/bin/bin/../../support/PIC24F/gld \
  -Lc:/program files/microchip/xc16/v2.00/bin/bin/../../support/PIC24H/gld \
  -Lc:/program files/microchip/xc16/v2.00/bin/bin/../../support/dsPIC30F/gld \
  -Lc:/program files/microchip/xc16/v2.00/bin/bin/../../support/dsPIC33C/gld \
  -Lc:/program files/microchip/xc16/v2.00/bin/bin/../../support/dsPIC33E/gld \
  -Lc:/program files/microchip/xc16/v2.00/bin/bin/../../support/dsPIC33F/gld \
  build/default/production/main.o \
  build/default/production/app.o \
  build/default/production/monitorPowerSupply.o \
  ..\panavent.mezclador.X\dist\default\production\panavent.mezclador.X.a \
  ..\panavent.valexp.X\dist\default\production\panavent.valexp.X.a \
  ..\panavent.utilities.X\dist\default\production\panavent.utilities.X.a \
  ..\panavent.hardware.drivers.X\dist\default\production\panavent.hardware.drivers.X.a \
  --local-stack \
  --defsym=__MPLAB_BUILD=1 \
  -Tp33CK32MC102.gld.00 \
  --stack=16 \
  --check-sections \
  --data-init \
  --pack-data \
  --handles \
  --isr \
  --no-gc-sections \
  --fill-upper=0 \
  --stackguard=16 \
  --no-force-link \
  --smart-io \
  -Map=dist/default/production/panavent.gases.pic.X.production.map \
  --report-mem \
  --memorysummary \
  dist/default/production/memoryfile.xml \
  -start-group \
  --library=c99-pic30-elf \
  --library=m-elf \
  --library=c99-elf \
  -end-group \

Archive member included because of file (symbol)

..\panavent.mezclador.X\dist\default\production\panavent.mezclador.X.a(mezclador.o)
                              build/default/production/main.o (_mezclador)
..\panavent.mezclador.X\dist\default\production\panavent.mezclador.X.a(mcpMezclador.o)
                              ..\panavent.mezclador.X\dist\default\production\panavent.mezclador.X.a(mezclador.o) (_mcpMezclador)
..\panavent.valexp.X\dist\default\production\panavent.valexp.X.a(valvulaExpiratoria.o)
                              build/default/production/main.o (_valvulaExpiratoria)
..\panavent.utilities.X\dist\default\production\panavent.utilities.X.a(utilities.o)
                              build/default/production/app.o (_UnpackFloat)
..\panavent.utilities.X\dist\default\production\panavent.utilities.X.a(pid.o)
                              build/default/production/main.o (_pid)
..\panavent.hardware.drivers.X\dist\default\production\panavent.hardware.drivers.X.a(i2c1.o)
                              build/default/production/app.o (_I2CMaster)
..\panavent.hardware.drivers.X\dist\default\production\panavent.hardware.drivers.X.a(sccp1.o)
                              ..\panavent.mezclador.X\dist\default\production\panavent.mezclador.X.a(mezclador.o) (_PWM1)
..\panavent.hardware.drivers.X\dist\default\production\panavent.hardware.drivers.X.a(sccp4.o)
                              ..\panavent.valexp.X\dist\default\production\panavent.valexp.X.a(valvulaExpiratoria.o) (_PWM4)
..\panavent.hardware.drivers.X\dist\default\production\panavent.hardware.drivers.X.a(sccp2.o)
                              ..\panavent.mezclador.X\dist\default\production\panavent.mezclador.X.a(mezclador.o) (_PWM2)
..\panavent.hardware.drivers.X\dist\default\production\panavent.hardware.drivers.X.a(sfm_interface.o)
                              ..\panavent.mezclador.X\dist\default\production\panavent.mezclador.X.a(mezclador.o) (_sfmOxi)
..\panavent.hardware.drivers.X\dist\default\production\panavent.hardware.drivers.X.a(mcp342x_interface.o)
                              build/default/production/main.o (_Mcp342x_dispararConvercion)
..\panavent.hardware.drivers.X\dist\default\production\panavent.hardware.drivers.X.a(pca9543apw_interface.o)
                              build/default/production/main.o (_PCA9543APW_setCanal)
..\panavent.hardware.drivers.X\dist\default\production\panavent.hardware.drivers.X.a(timer1Controller.o)
                              ..\panavent.mezclador.X\dist\default\production\panavent.mezclador.X.a(mezclador.o) (_timer1Controller)
..\panavent.hardware.drivers.X\dist\default\production\panavent.hardware.drivers.X.a(timer3Controller.o)
                              build/default/production/main.o (_timer3Controller)
..\panavent.hardware.drivers.X\dist\default\production\panavent.hardware.drivers.X.a(sccp3.o)
                              ..\panavent.hardware.drivers.X\dist\default\production\panavent.hardware.drivers.X.a(timer3Controller.o) (_Timer3)
[...]
Memory Configuration

Name             Origin             Length             Attributes
data             0x001000           0x002000           a !xr
reset            0x000000           0x000004  
ivt              0x000004           0x0001fc  
program          0x000200           0x005d00           xr
FSEC             0x005f00           0x000002  
FBSLIM           0x005f10           0x000002  
FOSCSEL          0x005f18           0x000002  
FOSC             0x005f1c           0x000002  
FWDT             0x005f20           0x000002  
FPOR             0x005f24           0x000002  
FICD             0x005f28           0x000002  
FDMTIVTL         0x005f2c           0x000002  
FDMTIVTH         0x005f30           0x000002  
FDMTCNTL         0x005f34           0x000002  
FDMTCNTH         0x005f38           0x000002  
FDMT             0x005f3c           0x000002  
FDEVOPT          0x005f40           0x000002  
FALTREG          0x005f44           0x000002  
*default*        0x000000           0xffffffff  

Linker script and memory map

LOAD build/default/production/main.o
LOAD build/default/production/app.o
LOAD build/default/production/monitorPowerSupply.o
LOAD ..\panavent.mezclador.X\dist\default\production\panavent.mezclador.X.a
LOAD ..\panavent.valexp.X\dist\default\production\panavent.valexp.X.a
LOAD ..\panavent.utilities.X\dist\default\production\panavent.utilities.X.a
LOAD ..\panavent.hardware.drivers.X\dist\default\production\panavent.hardware.drivers.X.a
                    0x0001                  __MPLAB_BUILD = 0x1
LOAD p33CK32MC102
LOAD c:/program files/microchip/xc16/v2.00/bin/bin/../../lib\libfx-elf.a
                    0x801028                  _iwri1 = 0x801028
                    0x80102c                  _iwri2 = 0x80102c
                    0x5f00                  __FSEC = 0x5f00
                    0x5f10                  __FBSLIM = 0x5f10
                    0x5f18                  __FOSCSEL = 0x5f18
                    0x5f1c                  __FOSC = 0x5f1c
                    0x5f20                  __FWDT = 0x5f20
                    0x5f24                  __FPOR = 0x5f24
                    0x5f28                  __FICD = 0x5f28
                    0x5f2c                  __FDMTIVTL = 0x5f2c
                    0x5f30                  __FDMTIVTH = 0x5f30
                    0x5f34                  __FDMTCNTL = 0x5f34
                    0x5f38                  __FDMTCNTH = 0x5f38
                    0x5f3c                  __FDMT = 0x5f3c
                    0x5f40                  __FDEVOPT = 0x5f40
                    0x5f44                  __FALTREG = 0x5f44
                    0x0001                  __NO_HANDLES = 0x1
                    0x0200                  __CODE_BASE = 0x200
                    0x5d00                  __CODE_LENGTH = 0x5d00
                    0x0004                  __IVT_BASE = 0x4
                    0x1000                  __DATA_BASE = 0x1000
                    0x2000                  __DATA_LENGTH = 0x2000
                    0x2000                  __YDATA_BASE = 0x2000

.reset            0x000000          0x4
                  0x000000          0x2 SHORT 0x200 ABSOLUTE (__reset)
                  0x000001          0x2 SHORT 0x4
                  0x000002          0x2 SHORT 0x0 ((ABSOLUTE (__reset) >> 0x10) & 0x7f)
                  0x000003          0x2 SHORT 0x0

.text             0x000200       0x1a6c
 *(.init)
 .init            0x000200         0x48 c:/program files/microchip/xc16/v2.00/bin/bin/../../lib\libc99-pic30-elf.a(crt0_extendedch.o)
                  0x000200                  __resetPRI
                  0x000200                  __reset
                  0x00023c                  __psv_init
 .init            0x000248         0xb2 c:/program files/microchip/xc16/v2.00/bin/bin/../../lib\libc99-pic30-elf.a(data_init_extendedch.o)
                  0x000248                  __data_init
                  0x000248                  __data_init_extended
 *(.user_init)
 *(.handle)
 *(.isr*)
 .isr.text        0x000506         0x80 ..\panavent.hardware.drivers.X\dist\default\production\panavent.hardware.drivers.X.a(i2c1.o)
                  0x000506                  __MI2C1Interrupt
                  0x000546                  __I2C1BCInterrupt
 .isr.text        0x000586         0x20 ..\panavent.hardware.drivers.X\dist\default\production\panavent.hardware.drivers.X.a(sccp3.o)
                  0x000586                  __CCT3Interrupt
 .isr.text        0x0005a6         0x20 ..\panavent.hardware.drivers.X\dist\default\production\panavent.hardware.drivers.X.a(tmr1.o)
                  0x0005a6                  __T1Interrupt
 .isr.text        0x0005c6         0xa8 ..\panavent.hardware.drivers.X\dist\default\production\panavent.hardware.drivers.X.a(adc1.o)
                  0x0005c6                  __ADCAN3Interrupt
                  0x0005fe                  __ADCAN4Interrupt
                  0x000636                  __ADCAN8Interrupt
 .isr.text        0x00066e         0x20 ..\panavent.hardware.drivers.X\dist\default\production\panavent.hardware.drivers.X.a(dmt.o)
                  0x00066e                  __DMTInterrupt
 .isr             0x00068e          0x4 default_isr
                  0x00068e                  __DefaultInterrupt
 *(.libc)
 *(.libm)
 *(.libdsp)
 *(.lib*)
 .libpic30_crt_start_mode
                  0x000692          0x2 c:/program files/microchip/xc16/v2.00/bin/bin/../../lib\libc99-pic30-elf.a(crt_start_mode_normalch.Meo)
                  0x000692                  __crt_start_mode
                  0x000692                  __crt_start_mode_normal
 .libm.eqsf2      0x000694          0x4 c:/program files/microchip/xc16/v2.00/bin/bin/../../lib\libc99-pic30-elf.a(feqltle.CH_o)
                  0x000694                  ___eqsf2
                  0x000694                  ___ltsf2
                  0x000694                  ___lesf2
 .libm.gtsf2      0x000698          0x4 c:/program files/microchip/xc16/v2.00/bin/bin/../../lib\libc99-pic30-elf.a(fgtge.CH_o)
                  0x000698                  ___gesf2
                  0x000698                  ___gtsf2
 .libm.fixsfsi    0x00069c         0x42 c:/program files/microchip/xc16/v2.00/bin/bin/../../lib\libc99-pic30-elf.a(fixsfsi.CH_o)
                  0x00069c                  _(float, int, long long, short, float, short, int)
 .libm.fixunssfsi
                  0x0006de         0x36 c:/program files/microchip/xc16/v2.00/bin/bin/../../lib\libc99-pic30-elf.a(fixunssfsi.CH_o)
                  0x0006de                  ___fixunssfsi
 .libm.floatsisf
                  0x000714          0x6 c:/program files/microchip/xc16/v2.00/bin/bin/../../lib\libc99-pic30-elf.a(floatsisf.CH_o)
                  0x000714                  ___floatsisf
 .libm.floatunsisf
                  0x00071a          0x4 c:/program files/microchip/xc16/v2.00/bin/bin/../../lib\libc99-pic30-elf.a(floatunsisf.CH_o)
                  0x00071a                  ___floatunsisf
 .libm.nesf2      0x00071e          0x4 c:/program files/microchip/xc16/v2.00/bin/bin/../../lib\libc99-pic30-elf.a(fne.CH_o)
                  0x00071e                  ___nesf2
 .libm.funpack    0x000722         0x2a c:/program files/microchip/xc16/v2.00/bin/bin/../../lib\libc99-pic30-elf.a(funpack.CH_o)
                  0x000722                  __funpack
 .libmx           0x00074c        0x1dc c:/program files/microchip/xc16/v2.00/bin/bin/../../lib\libc99-pic30-elf.a(addsf3x.CH_o)
                  0x00074c                  ___subsf3x
                  0x00074c                  ___subsf3
                  0x00075e                  ___addsf3x
                  0x00075e                  ___addsf3
 .libmx           0x000928        0x1be c:/program files/microchip/xc16/v2.00/bin/bin/../../lib\libc99-pic30-elf.a(divsf3x.CH_o)
                  0x000928                  ___divsf3x
                  0x000928                  ___divsf3
                  0x000aba                  __sdivf
 .libmx           0x000ae6        0x10c c:/program files/microchip/xc16/v2.00/bin/bin/../../lib\libc99-pic30-elf.a(mulsf3x.CH_o)
                  0x000ae6                  ___mulsf3x
                  0x000ae6                  ___mulsf3
 .libmx           0x000bf2         0x54 c:/program files/microchip/xc16/v2.00/bin/bin/../../lib\libc99-pic30-elf.a(dnrmpackfx.CH_o)
                  0x000bf2                  __dnrmpackf
 .libmx           0x000c46         0x5e c:/program files/microchip/xc16/v2.00/bin/bin/../../lib\libc99-pic30-elf.a(unpackdnrmfx.CH_o)
                  0x000c46                  __unpackdnrmf
 .libmx           0x000ca4         0x34 c:/program files/microchip/xc16/v2.00/bin/bin/../../lib\libc99-pic30-elf.a(typefx.CH_o)
                  0x000ca4                  __typef
 .libmx           0x000cd8         0x12 c:/program files/microchip/xc16/v2.00/bin/bin/../../lib\libc99-pic30-elf.a(propnanfx.CH_o)
                  0x000cd8                  __propnanf
 .libmx           0x000cea         0xa6 c:/program files/microchip/xc16/v2.00/bin/bin/../../lib\libc99-pic30-elf.a(spackfx.CH_o)
                  0x000cea                  __spackf
 .libmx           0x000d90         0x66 c:/program files/microchip/xc16/v2.00/bin/bin/../../lib\libc99-pic30-elf.a(unpackfx.CH_o)
                  0x000d90                  __unpackf
 .libm.fcompare
                  0x000df6         0x36 c:/program files/microchip/xc16/v2.00/bin/bin/../../lib\libc99-pic30-elf.a(fcompare.CH_o)
                  0x000df6                  __fcompare
 .libm.floatdisf
                  0x000e2c         0x20 c:/program files/microchip/xc16/v2.00/bin/bin/../../lib\libc99-pic30-elf.a(floatdisf.CH_o)
                  0x000e2c                  ___floatdisf
 .libm.floatundisf
                  0x000e4c         0x5e c:/program files/microchip/xc16/v2.00/bin/bin/../../lib\libc99-pic30-elf.a(floatundisf.CH_o)
                  0x000e4c                  ___floatundisf
 .libm.fpack      0x000eaa         0x4c c:/program files/microchip/xc16/v2.00/bin/bin/../../lib\libc99-pic30-elf.a(fpack.CH_o)
                  0x000eaa                  __fpack
 .libm.funpack2
                  0x000ef6         0x10 c:/program files/microchip/xc16/v2.00/bin/bin/../../lib\libc99-pic30-elf.a(funpack2.CH_o)
                  0x000ef6                  __funpack2
 .libm.__PplusBdi
                  0x000f06         0x26 c:/program files/microchip/xc16/v2.00/bin/bin/../../lib\libc99-pic30-elf.a(divmoddi3.CH_o)
 .libm.__PminusBdi
                  0x000f2c         0x26 c:/program files/microchip/xc16/v2.00/bin/bin/../../lib\libc99-pic30-elf.a(divmoddi3.CH_o)
 .libm.__udivmoddi3
                  0x000f52         0xf8 c:/program files/microchip/xc16/v2.00/bin/bin/../../lib\libc99-pic30-elf.a(divmoddi3.CH_o)
                  0x000f52                  ___udivmoddi3
 .libm.__udivdi3
                  0x00104a          0xe c:/program files/microchip/xc16/v2.00/bin/bin/../../lib\libc99-pic30-elf.a(divmoddi3.CH_o)
                  0x00104a                  ___udivdi3
 .libm.__umoddi3
                  0x001058          0x8 c:/program files/microchip/xc16/v2.00/bin/bin/../../lib\libc99-pic30-elf.a(divmoddi3.CH_o)
                  0x001058                  ___umoddi3
 .libm.__divdi3
                  0x001060         0x60 c:/program files/microchip/xc16/v2.00/bin/bin/../../lib\libc99-pic30-elf.a(divmoddi3.CH_o)
                  0x001060                  ___divdi3
 .libm.__moddi3
                  0x0010c0         0x5c c:/program files/microchip/xc16/v2.00/bin/bin/../../lib\libc99-pic30-elf.a(divmoddi3.CH_o)
                  0x0010c0                  ___moddi3
 .libm.__muldi3
                  0x00111c         0x52 c:/program files/microchip/xc16/v2.00/bin/bin/../../lib\libc99-pic30-elf.a(muldi3.CH_o)
                  0x00111c                  ___muldi3
 .libm.umuldi3    0x00116e         0x44 c:/program files/microchip/xc16/v2.00/bin/bin/../../lib\libc99-pic30-elf.a(umuldi3.CH_o)
                  0x00116e                  ___umuldi3
 .libc.sinf       0x0011b2         0xea c:/program files/microchip/xc16/v2.00/bin/bin/../../lib\libm-elf.a(sinf.CH_o)
                  0x0011b2                  _sinf
 .libc.__cosdf    0x00129c         0x5c c:/program files/microchip/xc16/v2.00/bin/bin/../../lib\libm-elf.a(__cosdf.CH_o)
                  0x00129c                  ___cosdf
 .libc.__rem_pio2f
                  0x0012f8         0xb6 c:/program files/microchip/xc16/v2.00/bin/bin/../../lib\libm-elf.a(__rem_pio2f.CH_o)
                  0x0012f8                  ___rem_pio2f
 .libc.__sindf    0x0013ae         0x60 c:/program files/microchip/xc16/v2.00/bin/bin/../../lib\libm-elf.a(__sindf.CH_o)
                  0x0013ae                  ___sindf
 .libc.__rem_pio2_large
                  0x00140e        0x740 c:/program files/microchip/xc16/v2.00/bin/bin/../../lib\libm-elf.a(__rem_pio2_large.CH_o)
                  0x00140e                  ___rem_pio2_large
 .libc.floor      0x001b4e         0xbe c:/program files/microchip/xc16/v2.00/bin/bin/../../lib\libm-elf.a(floor.CH_o)
                  0x001b4e                  _floor
 .libc.scalbn     0x001c0c         0x54 c:/program files/microchip/xc16/v2.00/bin/bin/../../lib\libm-elf.a(scalbn.CH_o)
                  0x001c0c                  _scalbn
 .libm.mulsi3     0x001c60          0xc c:/program files/microchip/xc16/v2.00/bin/bin/../../lib\libc99-pic30-elf.a(mulsi3.CH_o)
                  0x001c60                  ___mulp32peds3
                  0x001c60                  ___mulsi3
                  0x001c60                  ___mulp32eds3

usercode
 *(usercode)

__FSEC            0x005f00          0x2
 *(__FSEC.sec*)
 __FSEC.sec       0x005f00          0x2 /CW/_FSEC
                  0x005f00                  __FSEC.sec

__FBSLIM
 *(__FBSLIM.sec*)

__FOSCSEL
 *(__FOSCSEL.sec*)

__FOSC
 *(__FOSC.sec*)

__FWDT
 *(__FWDT.sec*)

__FPOR
 *(__FPOR.sec*)

__FICD
 *(__FICD.sec*)

__FDMTIVTL
 *(__FDMTIVTL.sec*)

__FDMTIVTH
 *(__FDMTIVTH.sec*)

__FDMTCNTL
 *(__FDMTCNTL.sec*)

__FDMTCNTH
 *(__FDMTCNTH.sec*)

__FDMT
 *(__FDMT.sec*)

__FDEVOPT
 *(__FDEVOPT.sec*)

__FALTREG
 *(__FALTREG.sec*)

.comment
 *(.comment)

.debug_info       0x000000      0x140a6
 *(.debug_info)
 .debug_info      0x000000       0x17b6 build/default/production/main.o
 .debug_info      0x0017b6       0x14e5 build/default/production/app.o
 .debug_info      0x002c9b        0x626 build/default/production/monitorPowerSupply.o
 .debug_info      0x0032c1       0x2712 ..\panavent.mezclador.X\dist\default\production\panavent.mezclador.X.a(mezclador.o)
 .debug_info      0x0059d3        0x304 ..\panavent.mezclador.X\dist\default\production\panavent.mezclador.X.a(mcpMezclador.o)
 .debug_info      0x005cd7        0x82f ..\panavent.valexp.X\dist\default\production\panavent.valexp.X.a(valvulaExpiratoria.o)
 .debug_info      0x006506        0x57e ..\panavent.utilities.X\dist\default\production\panavent.utilities.X.a(utilities.o)
 .debug_info      0x006a84        0x82e ..\panavent.utilities.X\dist\default\production\panavent.utilities.X.a(pid.o)
 .debug_info      0x0072b2       0x1ad6 ..\panavent.hardware.drivers.X\dist\default\production\panavent.hardware.drivers.X.a(i2c1.o)
 .debug_info      0x008d88        0xcc4 ..\panavent.hardware.drivers.X\dist\default\production\panavent.hardware.drivers.X.a(sccp1.o)
 .debug_info      0x009a4c        0xc14 ..\panavent.hardware.drivers.X\dist\default\production\panavent.hardware.drivers.X.a(sccp4.o)
 .debug_info      0x00a660        0xcae ..\panavent.hardware.drivers.X\dist\default\production\panavent.hardware.drivers.X.a(sccp2.o)
 .debug_info      0x00b30e        0xa45 ..\panavent.hardware.drivers.X\dist\default\production\panavent.hardware.drivers.X.a(sfm_interface.o)
 .debug_info      0x00bd53        0x54e ..\panavent.hardware.drivers.X\dist\default\production\panavent.hardware.drivers.X.a(mcp342x_interface.o)
 .debug_info      0x00c2a1        0x5b1 ..\panavent.hardware.drivers.X\dist\default\production\panavent.hardware.drivers.X.a(pca9543apw_interface.o)
 .debug_info      0x00c852        0x776 ..\panavent.hardware.drivers.X\dist\default\production\panavent.hardware.drivers.X.a(timer1Controller.o)
 .debug_info      0x00cfc8        0x76b ..\panavent.hardware.drivers.X\dist\default\production\panavent.hardware.drivers.X.a(timer3Controller.o)
 .debug_info      0x00d733        0x9ba ..\panavent.hardware.drivers.X\dist\default\production\panavent.hardware.drivers.X.a(sccp3.o)
 .debug_info      0x00e0ed        0x86f ..\panavent.hardware.drivers.X\dist\default\production\panavent.hardware.drivers.X.a(tmr1.o)
 .debug_info      0x00e95c       0x2074 ..\panavent.hardware.drivers.X\dist\default\production\panavent.hardware.drivers.X.a(adc1.o)
 .debug_info      0x0109d0        0xdb9 ..\panavent.hardware.drivers.X\dist\default\production\panavent.hardware.drivers.X.a(system.o)
 .debug_info      0x011789        0x49f ..\panavent.hardware.drivers.X\dist\default\production\panavent.hardware.drivers.X.a(pins.o)
 .debug_info      0x011c28        0x930 ..\panavent.hardware.drivers.X\dist\default\production\panavent.hardware.drivers.X.a(dmt.o)
 .debug_info      0x012558         0xf6 ..\panavent.hardware.drivers.X\dist\default\production\panavent.hardware.drivers.X.a(dmt_asm.o)
 .debug_info      0x01264e        0x75e ..\panavent.hardware.drivers.X\dist\default\production\panavent.hardware.drivers.X.a(interrupt.o)
 .debug_info      0x012dac        0x520 ..\panavent.hardware.drivers.X\dist\default\production\panavent.hardware.drivers.X.a(clock.o)
 .debug_info      0x0132cc         0x8d c:/program files/microchip/xc16/v2.00/bin/bin/../../lib\libc99-pic30-elf.a(feqltle.CH_o)
 .debug_info      0x013359         0x8b c:/program files/microchip/xc16/v2.00/bin/bin/../../lib\libc99-pic30-elf.a(fgtge.CH_o)
 .debug_info      0x0133e4         0x8d c:/program files/microchip/xc16/v2.00/bin/bin/../../lib\libc99-pic30-elf.a(fixsfsi.CH_o)
 .debug_info      0x013471         0x90 c:/program files/microchip/xc16/v2.00/bin/bin/../../lib\libc99-pic30-elf.a(fixunssfsi.CH_o)
 .debug_info      0x013501         0x8f c:/program files/microchip/xc16/v2.00/bin/bin/../../lib\libc99-pic30-elf.a(floatsisf.CH_o)
 .debug_info      0x013590         0x91 c:/program files/microchip/xc16/v2.00/bin/bin/../../lib\libc99-pic30-elf.a(floatunsisf.CH_o)
 .debug_info      0x013621         0x89 c:/program files/microchip/xc16/v2.00/bin/bin/../../lib\libc99-pic30-elf.a(fne.CH_o)
 .debug_info      0x0136aa         0x8d c:/program files/microchip/xc16/v2.00/bin/bin/../../lib\libc99-pic30-elf.a(funpack.CH_o)
 .debug_info      0x013737         0x9d c:/program files/microchip/xc16/v2.00/bin/bin/../../lib\libc99-pic30-elf.a(addsf3x.CH_o)
 .debug_info      0x0137d4         0x9d c:/program files/microchip/xc16/v2.00/bin/bin/../../lib\libc99-pic30-elf.a(divsf3x.CH_o)
 .debug_info      0x013871         0x9d c:/program files/microchip/xc16/v2.00/bin/bin/../../lib\libc99-pic30-elf.a(mulsf3x.CH_o)
 .debug_info      0x01390e         0xa0 c:/program files/microchip/xc16/v2.00/bin/bin/../../lib\libc99-pic30-elf.a(dnrmpackfx.CH_o)
 .debug_info      0x0139ae         0xa2 c:/program files/microchip/xc16/v2.00/bin/bin/../../lib\libc99-pic30-elf.a(unpackdnrmfx.CH_o)
 .debug_info      0x013a50         0x9c c:/program files/microchip/xc16/v2.00/bin/bin/../../lib\libc99-pic30-elf.a(typefx.CH_o)
 .debug_info      0x013aec         0x9f c:/program files/microchip/xc16/v2.00/bin/bin/../../lib\libc99-pic30-elf.a(propnanfx.CH_o)
 .debug_info      0x013b8b         0x9d c:/program files/microchip/xc16/v2.00/bin/bin/../../lib\libc99-pic30-elf.a(spackfx.CH_o)
 .debug_info      0x013c28         0x9e c:/program files/microchip/xc16/v2.00/bin/bin/../../lib\libc99-pic30-elf.a(unpackfx.CH_o)
 .debug_info      0x013cc6         0x8e c:/program files/microchip/xc16/v2.00/bin/bin/../../lib\libc99-pic30-elf.a(fcompare.CH_o)
 .debug_info      0x013d54         0x8f c:/program files/microchip/xc16/v2.00/bin/bin/../../lib\libc99-pic30-elf.a(floatdisf.CH_o)
 .debug_info      0x013de3         0x91 c:/program files/microchip/xc16/v2.00/bin/bin/../../lib\libc99-pic30-elf.a(floatundisf.CH_o)
 .debug_info      0x013e74         0x8b c:/program files/microchip/xc16/v2.00/bin/bin/../../lib\libc99-pic30-elf.a(fpack.CH_o)
 .debug_info      0x013eff         0x8e c:/program files/microchip/xc16/v2.00/bin/bin/../../lib\libc99-pic30-elf.a(funpack2.CH_o)
 .debug_info      0x013f8d         0x8d c:/program files/microchip/xc16/v2.00/bin/bin/../../lib\libc99-pic30-elf.a(umuldi3.CH_o)
 .debug_info      0x01401a         0x8c c:/program files/microchip/xc16/v2.00/bin/bin/../../lib\libc99-pic30-elf.a(mulsi3.CH_o)
 *(.gnu.linkonce.wi.*)

.debug_abbrev     0x000000       0x25c8
 *(.debug_abbrev)
 .debug_abbrev    0x000000        0x1d1 build/default/production/main.o
 .debug_abbrev    0x0001d1        0x22e build/default/production/app.o
 .debug_abbrev    0x0003ff        0x143 build/default/production/monitorPowerSupply.o
 .debug_abbrev    0x000542        0x294 ..\panavent.mezclador.X\dist\default\production\panavent.mezclador.X.a(mezclador.o)
 .debug_abbrev    0x0007d6         0xb4 ..\panavent.mezclador.X\dist\default\production\panavent.mezclador.X.a(mcpMezclador.o)
 .debug_abbrev    0x00088a        0x14f ..\panavent.valexp.X\dist\default\production\panavent.valexp.X.a(valvulaExpiratoria.o)
 .debug_abbrev    0x0009d9        0x102 ..\panavent.utilities.X\dist\default\production\panavent.utilities.X.a(utilities.o)
 .debug_abbrev    0x000adb        0x17f ..\panavent.utilities.X\dist\default\production\panavent.utilities.X.a(pid.o)
 .debug_abbrev    0x000c5a        0x270 ..\panavent.hardware.drivers.X\dist\default\production\panavent.hardware.drivers.X.a(i2c1.o)
 .debug_abbrev    0x000eca        0x182 ..\panavent.hardware.drivers.X\dist\default\production\panavent.hardware.drivers.X.a(sccp1.o)
 .debug_abbrev    0x00104c        0x182 ..\panavent.hardware.drivers.X\dist\default\production\panavent.hardware.drivers.X.a(sccp4.o)
 .debug_abbrev    0x0011ce        0x182 ..\panavent.hardware.drivers.X\dist\default\production\panavent.hardware.drivers.X.a(sccp2.o)
 .debug_abbrev    0x001350        0x196 ..\panavent.hardware.drivers.X\dist\default\production\panavent.hardware.drivers.X.a(sfm_interface.o)
 .debug_abbrev    0x0014e6        0x100 ..\panavent.hardware.drivers.X\dist\default\production\panavent.hardware.drivers.X.a(mcp342x_interface.o)
 .debug_abbrev    0x0015e6        0x111 ..\panavent.hardware.drivers.X\dist\default\production\panavent.hardware.drivers.X.a(pca9543apw_interface.o)
 .debug_abbrev    0x0016f7        0x1af ..\panavent.hardware.drivers.X\dist\default\production\panavent.hardware.drivers.X.a(timer1Controller.o)
 .debug_abbrev    0x0018a6        0x1af ..\panavent.hardware.drivers.X\dist\default\production\panavent.hardware.drivers.X.a(timer3Controller.o)
 .debug_abbrev    0x001a55        0x16a ..\panavent.hardware.drivers.X\dist\default\production\panavent.hardware.drivers.X.a(sccp3.o)
 .debug_abbrev    0x001bbf        0x140 ..\panavent.hardware.drivers.X\dist\default\production\panavent.hardware.drivers.X.a(tmr1.o)
 .debug_abbrev    0x001cff        0x251 ..\panavent.hardware.drivers.X\dist\default\production\panavent.hardware.drivers.X.a(adc1.o)
 .debug_abbrev    0x001f50         0xe9 ..\panavent.hardware.drivers.X\dist\default\production\panavent.hardware.drivers.X.a(system.o)
 .debug_abbrev    0x002039         0x9b ..\panavent.hardware.drivers.X\dist\default\production\panavent.hardware.drivers.X.a(pins.o)
 .debug_abbrev    0x0020d4        0x187 ..\panavent.hardware.drivers.X\dist\default\production\panavent.hardware.drivers.X.a(dmt.o)
 .debug_abbrev    0x00225b         0x14 ..\panavent.hardware.drivers.X\dist\default\production\panavent.hardware.drivers.X.a(dmt_asm.o)
 .debug_abbrev    0x00226f         0xb4 ..\panavent.hardware.drivers.X\dist\default\production\panavent.hardware.drivers.X.a(interrupt.o)
 .debug_abbrev    0x002323         0xc5 ..\panavent.hardware.drivers.X\dist\default\production\panavent.hardware.drivers.X.a(clock.o)
 .debug_abbrev    0x0023e8         0x14 c:/program files/microchip/xc16/v2.00/bin/bin/../../lib\libc99-pic30-elf.a(feqltle.CH_o)
 .debug_abbrev    0x0023fc         0x14 c:/program files/microchip/xc16/v2.00/bin/bin/../../lib\libc99-pic30-elf.a(fgtge.CH_o)
 .debug_abbrev    0x002410         0x14 c:/program files/microchip/xc16/v2.00/bin/bin/../../lib\libc99-pic30-elf.a(fixsfsi.CH_o)
 .debug_abbrev    0x002424         0x14 c:/program files/microchip/xc16/v2.00/bin/bin/../../lib\libc99-pic30-elf.a(fixunssfsi.CH_o)
 .debug_abbrev    0x002438         0x14 c:/program files/microchip/xc16/v2.00/bin/bin/../../lib\libc99-pic30-elf.a(floatsisf.CH_o)
 .debug_abbrev    0x00244c         0x14 c:/program files/microchip/xc16/v2.00/bin/bin/../../lib\libc99-pic30-elf.a(floatunsisf.CH_o)
 .debug_abbrev    0x002460         0x14 c:/program files/microchip/xc16/v2.00/bin/bin/../../lib\libc99-pic30-elf.a(fne.CH_o)
 .debug_abbrev    0x002474         0x14 c:/program files/microchip/xc16/v2.00/bin/bin/../../lib\libc99-pic30-elf.a(funpack.CH_o)
 .debug_abbrev    0x002488         0x14 c:/program files/microchip/xc16/v2.00/bin/bin/../../lib\libc99-pic30-elf.a(addsf3x.CH_o)
 .debug_abbrev    0x00249c         0x14 c:/program files/microchip/xc16/v2.00/bin/bin/../../lib\libc99-pic30-elf.a(divsf3x.CH_o)
 .debug_abbrev    0x0024b0         0x14 c:/program files/microchip/xc16/v2.00/bin/bin/../../lib\libc99-pic30-elf.a(mulsf3x.CH_o)
 .debug_abbrev    0x0024c4         0x14 c:/program files/microchip/xc16/v2.00/bin/bin/../../lib\libc99-pic30-elf.a(dnrmpackfx.CH_o)
 .debug_abbrev    0x0024d8         0x14 c:/program files/microchip/xc16/v2.00/bin/bin/../../lib\libc99-pic30-elf.a(unpackdnrmfx.CH_o)
 .debug_abbrev    0x0024ec         0x14 c:/program files/microchip/xc16/v2.00/bin/bin/../../lib\libc99-pic30-elf.a(typefx.CH_o)
 .debug_abbrev    0x002500         0x14 c:/program files/microchip/xc16/v2.00/bin/bin/../../lib\libc99-pic30-elf.a(propnanfx.CH_o)
 .debug_abbrev    0x002514         0x14 c:/program files/microchip/xc16/v2.00/bin/bin/../../lib\libc99-pic30-elf.a(spackfx.CH_o)
 .debug_abbrev    0x002528         0x14 c:/program files/microchip/xc16/v2.00/bin/bin/../../lib\libc99-pic30-elf.a(unpackfx.CH_o)
 .debug_abbrev    0x00253c         0x14 c:/program files/microchip/xc16/v2.00/bin/bin/../../lib\libc99-pic30-elf.a(fcompare.CH_o)
 .debug_abbrev    0x002550         0x14 c:/program files/microchip/xc16/v2.00/bin/bin/../../lib\libc99-pic30-elf.a(floatdisf.CH_o)
 .debug_abbrev    0x002564         0x14 c:/program files/microchip/xc16/v2.00/bin/bin/../../lib\libc99-pic30-elf.a(floatundisf.CH_o)
 .debug_abbrev    0x002578         0x14 c:/program files/microchip/xc16/v2.00/bin/bin/../../lib\libc99-pic30-elf.a(fpack.CH_o)
 .debug_abbrev    0x00258c         0x14 c:/program files/microchip/xc16/v2.00/bin/bin/../../lib\libc99-pic30-elf.a(funpack2.CH_o)
 .debug_abbrev    0x0025a0         0x14 c:/program files/microchip/xc16/v2.00/bin/bin/../../lib\libc99-pic30-elf.a(umuldi3.CH_o)
 .debug_abbrev    0x0025b4         0x14 c:/program files/microchip/xc16/v2.00/bin/bin/../../lib\libc99-pic30-elf.a(mulsi3.CH_o)

.debug_line       0x000000       0x3412
 *(.debug_line)
 .debug_line      0x000000        0x328 build/default/production/main.o
 .debug_line      0x000328        0x27d build/default/production/app.o
 .debug_line      0x0005a5        0x133 build/default/production/monitorPowerSupply.o
 .debug_line      0x0006d8        0x37a ..\panavent.mezclador.X\dist\default\production\panavent.mezclador.X.a(mezclador.o)
 .debug_line      0x000a52         0xdc ..\panavent.mezclador.X\dist\default\production\panavent.mezclador.X.a(mcpMezclador.o)
 .debug_line      0x000b2e        0x13f ..\panavent.valexp.X\dist\default\production\panavent.valexp.X.a(valvulaExpiratoria.o)
 .debug_line      0x000c6d         0xaa ..\panavent.utilities.X\dist\default\production\panavent.utilities.X.a(utilities.o)
 .debug_line      0x000d17        0x115 ..\panavent.utilities.X\dist\default\production\panavent.utilities.X.a(pid.o)
 .debug_line      0x000e2c        0x391 ..\panavent.hardware.drivers.X\dist\default\production\panavent.hardware.drivers.X.a(i2c1.o)
 .debug_line      0x0011bd        0x19e ..\panavent.hardware.drivers.X\dist\default\production\panavent.hardware.drivers.X.a(sccp1.o)
 .debug_line      0x00135b        0x19e ..\panavent.hardware.drivers.X\dist\default\production\panavent.hardware.drivers.X.a(sccp4.o)
 .debug_line      0x0014f9        0x19e ..\panavent.hardware.drivers.X\dist\default\production\panavent.hardware.drivers.X.a(sccp2.o)
 .debug_line      0x001697        0x187 ..\panavent.hardware.drivers.X\dist\default\production\panavent.hardware.drivers.X.a(sfm_interface.o)
 .debug_line      0x00181e        0x109 ..\panavent.hardware.drivers.X\dist\default\production\panavent.hardware.drivers.X.a(mcp342x_interface.o)
 .debug_line      0x001927        0x107 ..\panavent.hardware.drivers.X\dist\default\production\panavent.hardware.drivers.X.a(pca9543apw_interface.o)
 .debug_line      0x001a2e        0x14b ..\panavent.hardware.drivers.X\dist\default\production\panavent.hardware.drivers.X.a(timer1Controller.o)
 .debug_line      0x001b79        0x14b ..\panavent.hardware.drivers.X\dist\default\production\panavent.hardware.drivers.X.a(timer3Controller.o)
 .debug_line      0x001cc4        0x1a5 ..\panavent.hardware.drivers.X\dist\default\production\panavent.hardware.drivers.X.a(sccp3.o)
 .debug_line      0x001e69        0x188 ..\panavent.hardware.drivers.X\dist\default\production\panavent.hardware.drivers.X.a(tmr1.o)
 .debug_line      0x001ff1        0x2d2 ..\panavent.hardware.drivers.X\dist\default\production\panavent.hardware.drivers.X.a(adc1.o)
 .debug_line      0x0022c3        0x16a ..\panavent.hardware.drivers.X\dist\default\production\panavent.hardware.drivers.X.a(system.o)
 .debug_line      0x00242d        0x135 ..\panavent.hardware.drivers.X\dist\default\production\panavent.hardware.drivers.X.a(pins.o)
 .debug_line      0x002562        0x1a7 ..\panavent.hardware.drivers.X\dist\default\production\panavent.hardware.drivers.X.a(dmt.o)
 .debug_line      0x002709         0x6f ..\panavent.hardware.drivers.X\dist\default\production\panavent.hardware.drivers.X.a(dmt_asm.o)
 .debug_line      0x002778        0x13d ..\panavent.hardware.drivers.X\dist\default\production\panavent.hardware.drivers.X.a(interrupt.o)
 .debug_line      0x0028b5        0x13b ..\panavent.hardware.drivers.X\dist\default\production\panavent.hardware.drivers.X.a(clock.o)
 .debug_line      0x0029f0         0x37 c:/program files/microchip/xc16/v2.00/bin/bin/../../lib\libc99-pic30-elf.a(feqltle.CH_o)
 .debug_line      0x002a27         0x35 c:/program files/microchip/xc16/v2.00/bin/bin/../../lib\libc99-pic30-elf.a(fgtge.CH_o)
 .debug_line      0x002a5c         0x56 c:/program files/microchip/xc16/v2.00/bin/bin/../../lib\libc99-pic30-elf.a(fixsfsi.CH_o)
 .debug_line      0x002ab2         0x53 c:/program files/microchip/xc16/v2.00/bin/bin/../../lib\libc99-pic30-elf.a(fixunssfsi.CH_o)
 .debug_line      0x002b05         0x3a c:/program files/microchip/xc16/v2.00/bin/bin/../../lib\libc99-pic30-elf.a(floatsisf.CH_o)
 .debug_line      0x002b3f         0x3b c:/program files/microchip/xc16/v2.00/bin/bin/../../lib\libc99-pic30-elf.a(floatunsisf.CH_o)
 .debug_line      0x002b7a         0x33 c:/program files/microchip/xc16/v2.00/bin/bin/../../lib\libc99-pic30-elf.a(fne.CH_o)
 .debug_line      0x002bad         0x4a c:/program files/microchip/xc16/v2.00/bin/bin/../../lib\libc99-pic30-elf.a(funpack.CH_o)
 .debug_line      0x002bf7        0x136 c:/program files/microchip/xc16/v2.00/bin/bin/../../lib\libc99-pic30-elf.a(addsf3x.CH_o)
 .debug_line      0x002d2d        0x124 c:/program files/microchip/xc16/v2.00/bin/bin/../../lib\libc99-pic30-elf.a(divsf3x.CH_o)
 .debug_line      0x002e51         0xcc c:/program files/microchip/xc16/v2.00/bin/bin/../../lib\libc99-pic30-elf.a(mulsf3x.CH_o)
 .debug_line      0x002f1d         0x72 c:/program files/microchip/xc16/v2.00/bin/bin/../../lib\libc99-pic30-elf.a(dnrmpackfx.CH_o)
 .debug_line      0x002f8f         0x7a c:/program files/microchip/xc16/v2.00/bin/bin/../../lib\libc99-pic30-elf.a(unpackdnrmfx.CH_o)
 .debug_line      0x003009         0x5e c:/program files/microchip/xc16/v2.00/bin/bin/../../lib\libc99-pic30-elf.a(typefx.CH_o)
 .debug_line      0x003067         0x51 c:/program files/microchip/xc16/v2.00/bin/bin/../../lib\libc99-pic30-elf.a(propnanfx.CH_o)
 .debug_line      0x0030b8         0x98 c:/program files/microchip/xc16/v2.00/bin/bin/../../lib\libc99-pic30-elf.a(spackfx.CH_o)
 .debug_line      0x003150         0x79 c:/program files/microchip/xc16/v2.00/bin/bin/../../lib\libc99-pic30-elf.a(unpackfx.CH_o)
 .debug_line      0x0031c9         0x1a c:/program files/microchip/xc16/v2.00/bin/bin/../../lib\libc99-pic30-elf.a(errno.CH_o)
 .debug_line      0x0031e3         0x53 c:/program files/microchip/xc16/v2.00/bin/bin/../../lib\libc99-pic30-elf.a(fcompare.CH_o)
 .debug_line      0x003236         0x47 c:/program files/microchip/xc16/v2.00/bin/bin/../../lib\libc99-pic30-elf.a(floatdisf.CH_o)
 .debug_line      0x00327d         0x6c c:/program files/microchip/xc16/v2.00/bin/bin/../../lib\libc99-pic30-elf.a(floatundisf.CH_o)
 .debug_line      0x0032e9         0x5a c:/program files/microchip/xc16/v2.00/bin/bin/../../lib\libc99-pic30-elf.a(fpack.CH_o)
 .debug_line      0x003343         0x3e c:/program files/microchip/xc16/v2.00/bin/bin/../../lib\libc99-pic30-elf.a(funpack2.CH_o)
 .debug_line      0x003381         0x57 c:/program files/microchip/xc16/v2.00/bin/bin/../../lib\libc99-pic30-elf.a(umuldi3.CH_o)
 .debug_line      0x0033d8         0x3a c:/program files/microchip/xc16/v2.00/bin/bin/../../lib\libc99-pic30-elf.a(mulsi3.CH_o)

.debug_frame      0x000000       0x17ac
 *(.debug_frame)
 .debug_frame     0x000000         0xda build/default/production/main.o
 .debug_frame     0x0000da        0x108 build/default/production/app.o
 .debug_frame     0x0001e2         0x48 build/default/production/monitorPowerSupply.o
 .debug_frame     0x00022a        0x140 ..\panavent.mezclador.X\dist\default\production\panavent.mezclador.X.a(mezclador.o)
 .debug_frame     0x00036a         0x48 ..\panavent.mezclador.X\dist\default\production\panavent.mezclador.X.a(mcpMezclador.o)
 .debug_frame     0x0003b2         0x9e ..\panavent.valexp.X\dist\default\production\panavent.valexp.X.a(valvulaExpiratoria.o)
 .debug_frame     0x000450         0xf4 ..\panavent.utilities.X\dist\default\production\panavent.utilities.X.a(utilities.o)
 .debug_frame     0x000544         0x9e ..\panavent.utilities.X\dist\default\production\panavent.utilities.X.a(pid.o)
 .debug_frame     0x0005e2        0x2ba ..\panavent.hardware.drivers.X\dist\default\production\panavent.hardware.drivers.X.a(i2c1.o)
 .debug_frame     0x00089c        0x118 ..\panavent.hardware.drivers.X\dist\default\production\panavent.hardware.drivers.X.a(sccp1.o)
 .debug_frame     0x0009b4        0x118 ..\panavent.hardware.drivers.X\dist\default\production\panavent.hardware.drivers.X.a(sccp4.o)
 .debug_frame     0x000acc        0x118 ..\panavent.hardware.drivers.X\dist\default\production\panavent.hardware.drivers.X.a(sccp2.o)
 .debug_frame     0x000be4        0x19a ..\panavent.hardware.drivers.X\dist\default\production\panavent.hardware.drivers.X.a(sfm_interface.o)
 .debug_frame     0x000d7e         0x48 ..\panavent.hardware.drivers.X\dist\default\production\panavent.hardware.drivers.X.a(mcp342x_interface.o)
 .debug_frame     0x000dc6         0x62 ..\panavent.hardware.drivers.X\dist\default\production\panavent.hardware.drivers.X.a(pca9543apw_interface.o)
 .debug_frame     0x000e28         0xba ..\panavent.hardware.drivers.X\dist\default\production\panavent.hardware.drivers.X.a(timer1Controller.o)
 .debug_frame     0x000ee2         0xba ..\panavent.hardware.drivers.X\dist\default\production\panavent.hardware.drivers.X.a(timer3Controller.o)
 .debug_frame     0x000f9c        0x108 ..\panavent.hardware.drivers.X\dist\default\production\panavent.hardware.drivers.X.a(sccp3.o)
 .debug_frame     0x0010a4        0x108 ..\panavent.hardware.drivers.X\dist\default\production\panavent.hardware.drivers.X.a(tmr1.o)
 .debug_frame     0x0011ac        0x356 ..\panavent.hardware.drivers.X\dist\default\production\panavent.hardware.drivers.X.a(adc1.o)
 .debug_frame     0x001502         0x48 ..\panavent.hardware.drivers.X\dist\default\production\panavent.hardware.drivers.X.a(system.o)
 .debug_frame     0x00154a         0x2e ..\panavent.hardware.drivers.X\dist\default\production\panavent.hardware.drivers.X.a(pins.o)
 .debug_frame     0x001578        0x1be ..\panavent.hardware.drivers.X\dist\default\production\panavent.hardware.drivers.X.a(dmt.o)
 .debug_frame     0x001736         0x48 ..\panavent.hardware.drivers.X\dist\default\production\panavent.hardware.drivers.X.a(interrupt.o)
 .debug_frame     0x00177e         0x2e ..\panavent.hardware.drivers.X\dist\default\production\panavent.hardware.drivers.X.a(clock.o)

.debug_str        0x000000        0xc3b
 *(.debug_str)
 .debug_str       0x000000        0x15f build/default/production/main.o
 .debug_str       0x00015f         0x85 build/default/production/app.o
 .debug_str       0x0001e4         0x2d build/default/production/monitorPowerSupply.o
 .debug_str       0x000211        0x1ab ..\panavent.mezclador.X\dist\default\production\panavent.mezclador.X.a(mezclador.o)
 .debug_str       0x0003bc          0xd ..\panavent.mezclador.X\dist\default\production\panavent.mezclador.X.a(mcpMezclador.o)
 .debug_str       0x0003c9         0x26 ..\panavent.valexp.X\dist\default\production\panavent.valexp.X.a(valvulaExpiratoria.o)
 .debug_str       0x0003ef         0x13 ..\panavent.utilities.X\dist\default\production\panavent.utilities.X.a(utilities.o)
 .debug_str       0x000402         0x50 ..\panavent.utilities.X\dist\default\production\panavent.utilities.X.a(pid.o)
 .debug_str       0x000452         0xc3 ..\panavent.hardware.drivers.X\dist\default\production\panavent.hardware.drivers.X.a(i2c1.o)
 .debug_str       0x000515         0x96 ..\panavent.hardware.drivers.X\dist\default\production\panavent.hardware.drivers.X.a(sccp1.o)
 .debug_str       0x0005ab         0x96 ..\panavent.hardware.drivers.X\dist\default\production\panavent.hardware.drivers.X.a(sccp4.o)
 .debug_str       0x000641         0x96 ..\panavent.hardware.drivers.X\dist\default\production\panavent.hardware.drivers.X.a(sccp2.o)
 .debug_str       0x0006d7         0x1b ..\panavent.hardware.drivers.X\dist\default\production\panavent.hardware.drivers.X.a(sfm_interface.o)
 .debug_str       0x0006f2          0xa ..\panavent.hardware.drivers.X\dist\default\production\panavent.hardware.drivers.X.a(mcp342x_interface.o)
 .debug_str       0x0006fc         0x47 ..\panavent.hardware.drivers.X\dist\default\production\panavent.hardware.drivers.X.a(pca9543apw_interface.o)
 .debug_str       0x000743         0x3c ..\panavent.hardware.drivers.X\dist\default\production\panavent.hardware.drivers.X.a(timer1Controller.o)
 .debug_str       0x00077f         0x3c ..\panavent.hardware.drivers.X\dist\default\production\panavent.hardware.drivers.X.a(timer3Controller.o)
 .debug_str       0x0007bb         0x95 ..\panavent.hardware.drivers.X\dist\default\production\panavent.hardware.drivers.X.a(sccp3.o)
 .debug_str       0x000850         0x30 ..\panavent.hardware.drivers.X\dist\default\production\panavent.hardware.drivers.X.a(tmr1.o)
 .debug_str       0x000880        0x266 ..\panavent.hardware.drivers.X\dist\default\production\panavent.hardware.drivers.X.a(adc1.o)
 .debug_str       0x000ae6         0x5e ..\panavent.hardware.drivers.X\dist\default\production\panavent.hardware.drivers.X.a(system.o)
 .debug_str       0x000b44         0x1e ..\panavent.hardware.drivers.X\dist\default\production\panavent.hardware.drivers.X.a(pins.o)
 .debug_str       0x000b62         0x63 ..\panavent.hardware.drivers.X\dist\default\production\panavent.hardware.drivers.X.a(dmt.o)
 .debug_str       0x000bc5         0x4f ..\panavent.hardware.drivers.X\dist\default\production\panavent.hardware.drivers.X.a(interrupt.o)
 .debug_str       0x000c14         0x27 ..\panavent.hardware.drivers.X\dist\default\production\panavent.hardware.drivers.X.a(clock.o)

.debug_loc
 *(.debug_loc)

.debug_macinfo
 *(.debug_macinfo)

.debug_pubnames
                  0x000000       0x18d4
 *(.debug_pubnames)
 .debug_pubnames
                  0x000000        0x18a build/default/production/main.o
 .debug_pubnames
                  0x00018a        0x14b build/default/production/app.o
 .debug_pubnames
                  0x0002d5         0x91 build/default/production/monitorPowerSupply.o
 .debug_pubnames
                  0x000366        0x31f ..\panavent.mezclador.X\dist\default\production\panavent.mezclador.X.a(mezclador.o)
 .debug_pubnames
                  0x000685         0x67 ..\panavent.mezclador.X\dist\default\production\panavent.mezclador.X.a(mcpMezclador.o)
 .debug_pubnames
                  0x0006ec         0xe5 ..\panavent.valexp.X\dist\default\production\panavent.valexp.X.a(valvulaExpiratoria.o)
 .debug_pubnames
                  0x0007d1         0xad ..\panavent.utilities.X\dist\default\production\panavent.utilities.X.a(utilities.o)
 .debug_pubnames
                  0x00087e         0xb6 ..\panavent.utilities.X\dist\default\production\panavent.utilities.X.a(pid.o)
 .debug_pubnames
                  0x000934        0x198 ..\panavent.hardware.drivers.X\dist\default\production\panavent.hardware.drivers.X.a(i2c1.o)
 .debug_pubnames
                  0x000acc        0x12d ..\panavent.hardware.drivers.X\dist\default\production\panavent.hardware.drivers.X.a(sccp1.o)
 .debug_pubnames
                  0x000bf9        0x12d ..\panavent.hardware.drivers.X\dist\default\production\panavent.hardware.drivers.X.a(sccp4.o)
 .debug_pubnames
                  0x000d26        0x12d ..\panavent.hardware.drivers.X\dist\default\production\panavent.hardware.drivers.X.a(sccp2.o)
 .debug_pubnames
                  0x000e53        0x190 ..\panavent.hardware.drivers.X\dist\default\production\panavent.hardware.drivers.X.a(sfm_interface.o)
 .debug_pubnames
                  0x000fe3         0x4c ..\panavent.hardware.drivers.X\dist\default\production\panavent.hardware.drivers.X.a(mcp342x_interface.o)
 .debug_pubnames
                  0x00102f         0xa2 ..\panavent.hardware.drivers.X\dist\default\production\panavent.hardware.drivers.X.a(pca9543apw_interface.o)
 .debug_pubnames
                  0x0010d1        0x133 ..\panavent.hardware.drivers.X\dist\default\production\panavent.hardware.drivers.X.a(timer1Controller.o)
 .debug_pubnames
                  0x001204        0x128 ..\panavent.hardware.drivers.X\dist\default\production\panavent.hardware.drivers.X.a(timer3Controller.o)
 .debug_pubnames
                  0x00132c        0x107 ..\panavent.hardware.drivers.X\dist\default\production\panavent.hardware.drivers.X.a(sccp3.o)
 .debug_pubnames
                  0x001433         0xdf ..\panavent.hardware.drivers.X\dist\default\production\panavent.hardware.drivers.X.a(tmr1.o)
 .debug_pubnames
                  0x001512        0x1c0 ..\panavent.hardware.drivers.X\dist\default\production\panavent.hardware.drivers.X.a(adc1.o)
 .debug_pubnames
                  0x0016d2         0x28 ..\panavent.hardware.drivers.X\dist\default\production\panavent.hardware.drivers.X.a(system.o)
 .debug_pubnames
                  0x0016fa         0x26 ..\panavent.hardware.drivers.X\dist\default\production\panavent.hardware.drivers.X.a(pins.o)
 .debug_pubnames
                  0x001720        0x147 ..\panavent.hardware.drivers.X\dist\default\production\panavent.hardware.drivers.X.a(dmt.o)
 .debug_pubnames
                  0x001867         0x46 ..\panavent.hardware.drivers.X\dist\default\production\panavent.hardware.drivers.X.a(interrupt.o)
 .debug_pubnames
                  0x0018ad         0x27 ..\panavent.hardware.drivers.X\dist\default\production\panavent.hardware.drivers.X.a(clock.o)

.debug_ranges
 *(.debug_ranges)

.debug_aranges    0x000000        0x4b0
 *(.debug_aranges)
 .debug_aranges
                  0x000000         0x18 build/default/production/main.o
 .debug_aranges
                  0x000018         0x18 build/default/production/app.o
 .debug_aranges
                  0x000030         0x18 build/default/production/monitorPowerSupply.o
 .debug_aranges
                  0x000048         0x18 ..\panavent.mezclador.X\dist\default\production\panavent.mezclador.X.a(mezclador.o)
 .debug_aranges
                  0x000060         0x18 ..\panavent.mezclador.X\dist\default\production\panavent.mezclador.X.a(mcpMezclador.o)
 .debug_aranges
                  0x000078         0x18 ..\panavent.valexp.X\dist\default\production\panavent.valexp.X.a(valvulaExpiratoria.o)
 .debug_aranges
                  0x000090         0x18 ..\panavent.utilities.X\dist\default\production\panavent.utilities.X.a(utilities.o)
 .debug_aranges
                  0x0000a8         0x18 ..\panavent.utilities.X\dist\default\production\panavent.utilities.X.a(pid.o)
 .debug_aranges
                  0x0000c0         0x18 ..\panavent.hardware.drivers.X\dist\default\production\panavent.hardware.drivers.X.a(i2c1.o)
 .debug_aranges
                  0x0000d8         0x18 ..\panavent.hardware.drivers.X\dist\default\production\panavent.hardware.drivers.X.a(sccp1.o)
 .debug_aranges
                  0x0000f0         0x18 ..\panavent.hardware.drivers.X\dist\default\production\panavent.hardware.drivers.X.a(sccp4.o)
 .debug_aranges
                  0x000108         0x18 ..\panavent.hardware.drivers.X\dist\default\production\panavent.hardware.drivers.X.a(sccp2.o)
 .debug_aranges
                  0x000120         0x18 ..\panavent.hardware.drivers.X\dist\default\production\panavent.hardware.drivers.X.a(sfm_interface.o)
 .debug_aranges
                  0x000138         0x18 ..\panavent.hardware.drivers.X\dist\default\production\panavent.hardware.drivers.X.a(mcp342x_interface.o)
 .debug_aranges
                  0x000150         0x18 ..\panavent.hardware.drivers.X\dist\default\production\panavent.hardware.drivers.X.a(pca9543apw_interface.o)
 .debug_aranges
                  0x000168         0x18 ..\panavent.hardware.drivers.X\dist\default\production\panavent.hardware.drivers.X.a(timer1Controller.o)
 .debug_aranges
                  0x000180         0x18 ..\panavent.hardware.drivers.X\dist\default\production\panavent.hardware.drivers.X.a(timer3Controller.o)
 .debug_aranges
                  0x000198         0x18 ..\panavent.hardware.drivers.X\dist\default\production\panavent.hardware.drivers.X.a(sccp3.o)
 .debug_aranges
                  0x0001b0         0x18 ..\panavent.hardware.drivers.X\dist\default\production\panavent.hardware.drivers.X.a(tmr1.o)
 .debug_aranges
                  0x0001c8         0x18 ..\panavent.hardware.drivers.X\dist\default\production\panavent.hardware.drivers.X.a(adc1.o)
 .debug_aranges
                  0x0001e0         0x18 ..\panavent.hardware.drivers.X\dist\default\production\panavent.hardware.drivers.X.a(system.o)
 .debug_aranges
                  0x0001f8         0x18 ..\panavent.hardware.drivers.X\dist\default\production\panavent.hardware.drivers.X.a(pins.o)
 .debug_aranges
                  0x000210         0x18 ..\panavent.hardware.drivers.X\dist\default\production\panavent.hardware.drivers.X.a(dmt.o)
 .debug_aranges
                  0x000228         0x18 ..\panavent.hardware.drivers.X\dist\default\production\panavent.hardware.drivers.X.a(dmt_asm.o)
 .debug_aranges
                  0x000240         0x18 ..\panavent.hardware.drivers.X\dist\default\production\panavent.hardware.drivers.X.a(interrupt.o)
 .debug_aranges
                  0x000258         0x18 ..\panavent.hardware.drivers.X\dist\default\production\panavent.hardware.drivers.X.a(clock.o)
 .debug_aranges
                  0x000270         0x18 c:/program files/microchip/xc16/v2.00/bin/bin/../../lib\libc99-pic30-elf.a(feqltle.CH_o)
 .debug_aranges
                  0x000288         0x18 c:/program files/microchip/xc16/v2.00/bin/bin/../../lib\libc99-pic30-elf.a(fgtge.CH_o)
 .debug_aranges
                  0x0002a0         0x18 c:/program files/microchip/xc16/v2.00/bin/bin/../../lib\libc99-pic30-elf.a(fixsfsi.CH_o)
 .debug_aranges
                  0x0002b8         0x18 c:/program files/microchip/xc16/v2.00/bin/bin/../../lib\libc99-pic30-elf.a(fixunssfsi.CH_o)
 .debug_aranges
                  0x0002d0         0x18 c:/program files/microchip/xc16/v2.00/bin/bin/../../lib\libc99-pic30-elf.a(floatsisf.CH_o)
 .debug_aranges
                  0x0002e8         0x18 c:/program files/microchip/xc16/v2.00/bin/bin/../../lib\libc99-pic30-elf.a(floatunsisf.CH_o)
 .debug_aranges
                  0x000300         0x18 c:/program files/microchip/xc16/v2.00/bin/bin/../../lib\libc99-pic30-elf.a(fne.CH_o)
 .debug_aranges
                  0x000318         0x18 c:/program files/microchip/xc16/v2.00/bin/bin/../../lib\libc99-pic30-elf.a(funpack.CH_o)
 .debug_aranges
                  0x000330         0x18 c:/program files/microchip/xc16/v2.00/bin/bin/../../lib\libc99-pic30-elf.a(addsf3x.CH_o)
 .debug_aranges
                  0x000348         0x18 c:/program files/microchip/xc16/v2.00/bin/bin/../../lib\libc99-pic30-elf.a(divsf3x.CH_o)
 .debug_aranges
                  0x000360         0x18 c:/program files/microchip/xc16/v2.00/bin/bin/../../lib\libc99-pic30-elf.a(mulsf3x.CH_o)
 .debug_aranges
                  0x000378         0x18 c:/program files/microchip/xc16/v2.00/bin/bin/../../lib\libc99-pic30-elf.a(dnrmpackfx.CH_o)
 .debug_aranges
                  0x000390         0x18 c:/program files/microchip/xc16/v2.00/bin/bin/../../lib\libc99-pic30-elf.a(unpackdnrmfx.CH_o)
 .debug_aranges
                  0x0003a8         0x18 c:/program files/microchip/xc16/v2.00/bin/bin/../../lib\libc99-pic30-elf.a(typefx.CH_o)
 .debug_aranges
                  0x0003c0         0x18 c:/program files/microchip/xc16/v2.00/bin/bin/../../lib\libc99-pic30-elf.a(propnanfx.CH_o)
 .debug_aranges
                  0x0003d8         0x18 c:/program files/microchip/xc16/v2.00/bin/bin/../../lib\libc99-pic30-elf.a(spackfx.CH_o)
 .debug_aranges
                  0x0003f0         0x18 c:/program files/microchip/xc16/v2.00/bin/bin/../../lib\libc99-pic30-elf.a(unpackfx.CH_o)
 .debug_aranges
                  0x000408         0x18 c:/program files/microchip/xc16/v2.00/bin/bin/../../lib\libc99-pic30-elf.a(fcompare.CH_o)
 .debug_aranges
                  0x000420         0x18 c:/program files/microchip/xc16/v2.00/bin/bin/../../lib\libc99-pic30-elf.a(floatdisf.CH_o)
 .debug_aranges
                  0x000438         0x18 c:/program files/microchip/xc16/v2.00/bin/bin/../../lib\libc99-pic30-elf.a(floatundisf.CH_o)
 .debug_aranges
                  0x000450         0x18 c:/program files/microchip/xc16/v2.00/bin/bin/../../lib\libc99-pic30-elf.a(fpack.CH_o)
 .debug_aranges
                  0x000468         0x18 c:/program files/microchip/xc16/v2.00/bin/bin/../../lib\libc99-pic30-elf.a(funpack2.CH_o)
 .debug_aranges
                  0x000480         0x18 c:/program files/microchip/xc16/v2.00/bin/bin/../../lib\libc99-pic30-elf.a(umuldi3.CH_o)
 .debug_aranges
                  0x000498         0x18 c:/program files/microchip/xc16/v2.00/bin/bin/../../lib\libc99-pic30-elf.a(mulsi3.CH_o)
                    0x0000                  WREG0 = 0x0
                    0x0000                  _WREG0 = 0x0
                    0x0002                  WREG1 = 0x2
                    0x0002                  _WREG1 = 0x2
                    0x0004                  WREG2 = 0x4
                    0x0004                  _WREG2 = 0x4
                    0x0006                  WREG3 = 0x6
                    0x0006                  _WREG3 = 0x6
                    0x0008                  WREG4 = 0x8
                    0x0008                  _WREG4 = 0x8
                    0x000a                  WREG5 = 0xa
                    0x000a                  _WREG5 = 0xa
                    0x000c                  WREG6 = 0xc
                    0x000c                  _WREG6 = 0xc
                    0x000e                  WREG7 = 0xe
                    0x000e                  _WREG7 = 0xe
                    0x0010                  WREG8 = 0x10
                    0x0010                  _WREG8 = 0x10
                    0x0012                  WREG9 = 0x12
                    0x0012                  _WREG9 = 0x12
                    0x0014                  WREG10 = 0x14
                    0x0014                  _WREG10 = 0x14
                    0x0016                  WREG11 = 0x16
                    0x0016                  _WREG11 = 0x16
                    0x0018                  WREG12 = 0x18
                    0x0018                  _WREG12 = 0x18
                    0x001a                  WREG13 = 0x1a
                    0x001a                  _WREG13 = 0x1a
                    0x001c                  WREG14 = 0x1c
                    0x001c                  _WREG14 = 0x1c
                    0x001e                  WREG15 = 0x1e
                    0x001e                  _WREG15 = 0x1e
                    0x0020                  SPLIM = 0x20
                    0x0020                  _SPLIM = 0x20
                    0x0022                  ACCAL = 0x22
                    0x0022                  _ACCAL = 0x22
                    0x0024                  ACCAH = 0x24
                    0x0024                  _ACCAH = 0x24
                    0x0026                  ACCAU = 0x26
                    0x0026                  _ACCAU = 0x26
                    0x0028                  ACCBL = 0x28
                    0x0028                  _ACCBL = 0x28
                    0x002a                  ACCBH = 0x2a
                    0x002a                  _ACCBH = 0x2a
                    0x002c                  ACCBU = 0x2c
                    0x002c                  _ACCBU = 0x2c
                    0x002e                  PCL = 0x2e
                    0x002e                  _PCL = 0x2e
                    0x0030                  PCH = 0x30
                    0x0030                  _PCH = 0x30
                    0x0032                  DSRPAG = 0x32
                    0x0032                  _DSRPAG = 0x32
                    0x0032                  _DSRPAGbits = 0x32
                    0x0034                  DSWPAG = 0x34
                    0x0034                  _DSWPAG = 0x34
                    0x0034                  _DSWPAGbits = 0x34
                    0x0036                  RCOUNT = 0x36
                    0x0036                  _RCOUNT = 0x36
                    0x0038                  DCOUNT = 0x38
                    0x0038                  _DCOUNT = 0x38
                    0x003a                  DOSTARTL = 0x3a
                    0x003a                  _DOSTARTL = 0x3a
                    0x003c                  DOSTARTH = 0x3c
                    0x003c                  _DOSTARTH = 0x3c
                    0x003e                  DOENDL = 0x3e
                    0x003e                  _DOENDL = 0x3e
                    0x0040                  DOENDH = 0x40
                    0x0040                  _DOENDH = 0x40
                    0x0042                  SR = 0x42
                    0x0042                  _SR = 0x42
                    0x0042                  _SRbits = 0x42
                    0x0044                  CORCON = 0x44
                    0x0044                  _CORCON = 0x44
                    0x0044                  _CORCONbits = 0x44
                    0x0046                  MODCON = 0x46
                    0x0046                  _MODCON = 0x46
                    0x0046                  _MODCONbits = 0x46
                    0x0048                  XMODSRT = 0x48
                    0x0048                  _XMODSRT = 0x48
                    0x004a                  XMODEND = 0x4a
                    0x004a                  _XMODEND = 0x4a
                    0x004c                  YMODSRT = 0x4c
                    0x004c                  _YMODSRT = 0x4c
                    0x004e                  YMODEND = 0x4e
                    0x004e                  _YMODEND = 0x4e
                    0x0050                  XBREV = 0x50
                    0x0050                  _XBREV = 0x50
                    0x0050                  _XBREVbits = 0x50
                    0x0052                  DISICNT = 0x52
                    0x0052                  _DISICNT = 0x52
                    0x0054                  TBLPAG = 0x54
                    0x0054                  _TBLPAG = 0x54
                    0x0054                  _TBLPAGbits = 0x54
                    0x0056                  YPAG = 0x56
                    0x0056                  _YPAG = 0x56
                    0x0056                  _YPAGbits = 0x56
                    0x0058                  MSTRPR = 0x58
                    0x0058                  _MSTRPR = 0x58
                    0x0058                  _MSTRPRbits = 0x58
                    0x005a                  CTXTSTAT = 0x5a
                    0x005a                  _CTXTSTAT = 0x5a
                    0x005a                  _CTXTSTATbits = 0x5a
                    0x005c                  DMTCON = 0x5c
                    0x005c                  _DMTCON = 0x5c
                    0x005c                  _DMTCONbits = 0x5c
                    0x0060                  DMTPRECLR = 0x60
                    0x0060                  _DMTPRECLR = 0x60
                    0x0060                  _DMTPRECLRbits = 0x60
                    0x0064                  DMTCLR = 0x64
                    0x0064                  _DMTCLR = 0x64
                    0x0064                  _DMTCLRbits = 0x64
                    0x0068                  DMTSTAT = 0x68
                    0x0068                  _DMTSTAT = 0x68
                    0x0068                  _DMTSTATbits = 0x68
                    0x006c                  DMTCNTL = 0x6c
                    0x006c                  _DMTCNTL = 0x6c
                    0x006e                  DMTCNTH = 0x6e
                    0x006e                  _DMTCNTH = 0x6e
                    0x0070                  DMTHOLDREG = 0x70
                    0x0070                  _DMTHOLDREG = 0x70
                    0x0074                  DMTPSCNTL = 0x74
                    0x0074                  _DMTPSCNTL = 0x74
                    0x0076                  DMTPSCNTH = 0x76
                    0x0076                  _DMTPSCNTH = 0x76
                    0x0078                  DMTPSINTVL = 0x78
                    0x0078                  _DMTPSINTVL = 0x78
                    0x007a                  DMTPSINTVH = 0x7a
                    0x007a                  _DMTPSINTVH = 0x7a
                    0x0080                  SENT1CON1 = 0x80
                    0x0080                  _SENT1CON1 = 0x80
                    0x0080                  _SENT1CON1bits = 0x80
                    0x0084                  SENT1CON2 = 0x84
                    0x0084                  _SENT1CON2 = 0x84
                    0x0088                  SENT1CON3 = 0x88
                    0x0088                  _SENT1CON3 = 0x88
                    0x008c                  SENT1STAT = 0x8c
                    0x008c                  _SENT1STAT = 0x8c
                    0x008c                  _SENT1STATbits = 0x8c
                    0x0090                  SENT1SYNC = 0x90
                    0x0090                  _SENT1SYNC = 0x90
                    0x0094                  SENT1DATL = 0x94
                    0x0094                  _SENT1DATL = 0x94
                    0x0094                  _SENT1DATLbits = 0x94
                    0x0096                  SENT1DATH = 0x96
                    0x0096                  _SENT1DATH = 0x96
                    0x0096                  _SENT1DATHbits = 0x96
                    0x00b0                  CRCCON1 = 0xb0
                    0x00b0                  _CRCCON1 = 0xb0
                    0x00b0                  _CRCCON1bits = 0xb0
                    0x00b0                  CRCCONL = 0xb0
                    0x00b0                  _CRCCONL = 0xb0
                    0x00b0                  _CRCCONLbits = 0xb0
                    0x00b2                  CRCCON2 = 0xb2
                    0x00b2                  _CRCCON2 = 0xb2
                    0x00b2                  _CRCCON2bits = 0xb2
                    0x00b2                  CRCCONH = 0xb2
                    0x00b2                  _CRCCONH = 0xb2
                    0x00b2                  _CRCCONHbits = 0xb2
                    0x00b4                  CRCXORL = 0xb4
                    0x00b4                  _CRCXORL = 0xb4
                    0x00b4                  _CRCXORLbits = 0xb4
                    0x00b6                  CRCXORH = 0xb6
                    0x00b6                  _CRCXORH = 0xb6
                    0x00b6                  _CRCXORHbits = 0xb6
                    0x00b8                  CRCDATL = 0xb8
                    0x00b8                  _CRCDATL = 0xb8
                    0x00ba                  CRCDATH = 0xba
                    0x00ba                  _CRCDATH = 0xba
                    0x00bc                  CRCWDATL = 0xbc
                    0x00bc                  _CRCWDATL = 0xbc
                    0x00be                  CRCWDATH = 0xbe
                    0x00be                  _CRCWDATH = 0xbe
                    0x00c0                  CLC1CONL = 0xc0
                    0x00c0                  _CLC1CONL = 0xc0
                    0x00c0                  _CLC1CONLbits = 0xc0
                    0x00c2                  CLC1CONH = 0xc2
                    0x00c2                  _CLC1CONH = 0xc2
                    0x00c2                  _CLC1CONHbits = 0xc2
                    0x00c4                  CLC1SEL = 0xc4
                    0x00c4                  _CLC1SEL = 0xc4
                    0x00c4                  _CLC1SELbits = 0xc4
                    0x00c4                  CLC1SELL = 0xc4
                    0x00c4                  _CLC1SELL = 0xc4
                    0x00c4                  _CLC1SELLbits = 0xc4
                    0x00c8                  CLC1GLSL = 0xc8
                    0x00c8                  _CLC1GLSL = 0xc8
                    0x00c8                  _CLC1GLSLbits = 0xc8
                    0x00ca                  CLC1GLSH = 0xca
                    0x00ca                  _CLC1GLSH = 0xca
                    0x00ca                  _CLC1GLSHbits = 0xca
                    0x00cc                  CLC2CONL = 0xcc
                    0x00cc                  _CLC2CONL = 0xcc
                    0x00cc                  _CLC2CONLbits = 0xcc
                    0x00ce                  CLC2CONH = 0xce
                    0x00ce                  _CLC2CONH = 0xce
                    0x00ce                  _CLC2CONHbits = 0xce
                    0x00d0                  CLC2SEL = 0xd0
                    0x00d0                  _CLC2SEL = 0xd0
                    0x00d0                  _CLC2SELbits = 0xd0
                    0x00d0                  CLC2SELL = 0xd0
                    0x00d0                  _CLC2SELL = 0xd0
                    0x00d0                  _CLC2SELLbits = 0xd0
                    0x00d4                  CLC2GLSL = 0xd4
                    0x00d4                  _CLC2GLSL = 0xd4
                    0x00d4                  _CLC2GLSLbits = 0xd4
                    0x00d6                  CLC2GLSH = 0xd6
                    0x00d6                  _CLC2GLSH = 0xd6
                    0x00d6                  _CLC2GLSHbits = 0xd6
                    0x00d8                  CLC3CONL = 0xd8
                    0x00d8                  _CLC3CONL = 0xd8
                    0x00d8                  _CLC3CONLbits = 0xd8
                    0x00da                  CLC3CONH = 0xda
                    0x00da                  _CLC3CONH = 0xda
                    0x00da                  _CLC3CONHbits = 0xda
                    0x00dc                  CLC3SEL = 0xdc
                    0x00dc                  _CLC3SEL = 0xdc
                    0x00dc                  _CLC3SELbits = 0xdc
                    0x00dc                  CLC3SELL = 0xdc
                    0x00dc                  _CLC3SELL = 0xdc
                    0x00dc                  _CLC3SELLbits = 0xdc
                    0x00e0                  CLC3GLSL = 0xe0
                    0x00e0                  _CLC3GLSL = 0xe0
                    0x00e0                  _CLC3GLSLbits = 0xe0
                    0x00e2                  CLC3GLSH = 0xe2
                    0x00e2                  _CLC3GLSH = 0xe2
                    0x00e2                  _CLC3GLSHbits = 0xe2
                    0x00e4                  CLC4CONL = 0xe4
                    0x00e4                  _CLC4CONL = 0xe4
                    0x00e4                  _CLC4CONLbits = 0xe4
                    0x00e6                  CLC4CONH = 0xe6
                    0x00e6                  _CLC4CONH = 0xe6
                    0x00e6                  _CLC4CONHbits = 0xe6
                    0x00e8                  CLC4SEL = 0xe8
                    0x00e8                  _CLC4SEL = 0xe8
                    0x00e8                  _CLC4SELbits = 0xe8
                    0x00e8                  CLC4SELL = 0xe8
                    0x00e8                  _CLC4SELL = 0xe8
                    0x00e8                  _CLC4SELLbits = 0xe8
                    0x00ec                  CLC4GLSL = 0xec
                    0x00ec                  _CLC4GLSL = 0xec
                    0x00ec                  _CLC4GLSLbits = 0xec
                    0x00ee                  CLC4GLSH = 0xee
                    0x00ee                  _CLC4GLSH = 0xee
                    0x00ee                  _CLC4GLSHbits = 0xee
                    0x00f0                  ECCCONL = 0xf0
                    0x00f0                  _ECCCONL = 0xf0
                    0x00f0                  _ECCCONLbits = 0xf0
                    0x00f2                  ECCCONH = 0xf2
                    0x00f2                  _ECCCONH = 0xf2
                    0x00f2                  _ECCCONHbits = 0xf2
                    0x00f4                  ECCADDRL = 0xf4
                    0x00f4                  _ECCADDRL = 0xf4
                    0x00f6                  ECCADDRH = 0xf6
                    0x00f6                  _ECCADDRH = 0xf6
                    0x00f8                  ECCSTATL = 0xf8
                    0x00f8                  _ECCSTATL = 0xf8
                    0x00f8                  _ECCSTATLbits = 0xf8
                    0x00fa                  ECCSTATH = 0xfa
                    0x00fa                  _ECCSTATH = 0xfa
                    0x00fa                  _ECCSTATHbits = 0xfa
                    0x0100                  T1CON = 0x100
                    0x0100                  _T1CON = 0x100
                    0x0100                  _T1CONbits = 0x100
                    0x0104                  TMR1 = 0x104
                    0x0104                  _TMR1 = 0x104
                    0x0108                  PR1 = 0x108
                    0x0108                  _PR1 = 0x108
                    0x0140                  QEI1CON = 0x140
                    0x0140                  _QEI1CON = 0x140
                    0x0140                  _QEI1CONbits = 0x140
                    0x0144                  QEI1IOC = 0x144
                    0x0144                  _QEI1IOC = 0x144
                    0x0144                  _QEI1IOCbits = 0x144
                    0x0146                  QEI1IOCH = 0x146
                    0x0146                  _QEI1IOCH = 0x146
                    0x0146                  _QEI1IOCHbits = 0x146
                    0x0148                  QEI1STAT = 0x148
                    0x0148                  _QEI1STAT = 0x148
                    0x0148                  _QEI1STATbits = 0x148
                    0x014c                  POS1CNTL = 0x14c
                    0x014c                  _POS1CNTL = 0x14c
                    0x014e                  POS1CNTH = 0x14e
                    0x014e                  _POS1CNTH = 0x14e
                    0x0152                  POS1HLD = 0x152
                    0x0152                  _POS1HLD = 0x152
                    0x0154                  VEL1CNT = 0x154
                    0x0154                  _VEL1CNT = 0x154
                    0x0156                  VEL1CNTH = 0x156
                    0x0156                  _VEL1CNTH = 0x156
                    0x015a                  VEL1HLD = 0x15a
                    0x015a                  _VEL1HLD = 0x15a
                    0x015c                  INT1TMRL = 0x15c
                    0x015c                  _INT1TMRL = 0x15c
                    0x015e                  INT1TMRH = 0x15e
                    0x015e                  _INT1TMRH = 0x15e
                    0x0160                  INT1HLDL = 0x160
                    0x0160                  _INT1HLDL = 0x160
                    0x0162                  INT1HLDH = 0x162
                    0x0162                  _INT1HLDH = 0x162
                    0x0164                  INDX1CNTL = 0x164
                    0x0164                  _INDX1CNTL = 0x164
                    0x0166                  INDX1CNTH = 0x166
                    0x0166                  _INDX1CNTH = 0x166
                    0x016a                  INDX1HLD = 0x16a
                    0x016a                  _INDX1HLD = 0x16a
                    0x016c                  QEI1GECL = 0x16c
                    0x016c                  _QEI1GECL = 0x16c
                    0x016c                  QEI1ICL = 0x16c
                    0x016c                  _QEI1ICL = 0x16c
                    0x016e                  QEI1GECH = 0x16e
                    0x016e                  _QEI1GECH = 0x16e
                    0x016e                  QEI1ICH = 0x16e
                    0x016e                  _QEI1ICH = 0x16e
                    0x0170                  QEI1LECL = 0x170
                    0x0170                  _QEI1LECL = 0x170
                    0x0172                  QEI1LECH = 0x172
                    0x0172                  _QEI1LECH = 0x172
                    0x0200                  I2C1CON1 = 0x200
                    0x0200                  _I2C1CON1 = 0x200
                    0x0200                  _I2C1CON1bits = 0x200
                    0x0200                  I2C1CONL = 0x200
                    0x0200                  _I2C1CONL = 0x200
                    0x0200                  _I2C1CONLbits = 0x200
                    0x0202                  I2C1CON2 = 0x202
                    0x0202                  _I2C1CON2 = 0x202
                    0x0202                  _I2C1CON2bits = 0x202
                    0x0202                  I2C1CONH = 0x202
                    0x0202                  _I2C1CONH = 0x202
                    0x0202                  _I2C1CONHbits = 0x202
                    0x0204                  I2C1STAT = 0x204
                    0x0204                  _I2C1STAT = 0x204
                    0x0204                  _I2C1STATbits = 0x204
                    0x0208                  I2C1ADD = 0x208
                    0x0208                  _I2C1ADD = 0x208
                    0x0208                  _I2C1ADDbits = 0x208
                    0x020c                  I2C1MSK = 0x20c
                    0x020c                  _I2C1MSK = 0x20c
                    0x020c                  _I2C1MSKbits = 0x20c
                    0x0210                  I2C1BRG = 0x210
                    0x0210                  _I2C1BRG = 0x210
                    0x0214                  I2C1TRN = 0x214
                    0x0214                  _I2C1TRN = 0x214
                    0x0214                  _I2C1TRNbits = 0x214
                    0x0218                  I2C1RCV = 0x218
                    0x0218                  _I2C1RCV = 0x218
                    0x0218                  _I2C1RCVbits = 0x218
                    0x0238                  U1MODE = 0x238
                    0x0238                  _U1MODE = 0x238
                    0x0238                  _U1MODEbits = 0x238
                    0x023a                  U1MODEH = 0x23a
                    0x023a                  _U1MODEH = 0x23a
                    0x023a                  _U1MODEHbits = 0x23a
                    0x023c                  U1STA = 0x23c
                    0x023c                  _U1STA = 0x23c
                    0x023c                  _U1STAbits = 0x23c
                    0x023e                  U1STAH = 0x23e
                    0x023e                  _U1STAH = 0x23e
                    0x023e                  _U1STAHbits = 0x23e
                    0x0240                  U1BRG = 0x240
                    0x0240                  _U1BRG = 0x240
                    0x0240                  _U1BRGbits = 0x240
                    0x0242                  U1BRGH = 0x242
                    0x0242                  _U1BRGH = 0x242
                    0x0242                  _U1BRGHbits = 0x242
                    0x0244                  U1RXREG = 0x244
                    0x0244                  _U1RXREG = 0x244
                    0x0244                  _U1RXREGbits = 0x244
                    0x0248                  U1TXREG = 0x248
                    0x0248                  _U1TXREG = 0x248
                    0x0248                  _U1TXREGbits = 0x248
                    0x024c                  U1P1 = 0x24c
                    0x024c                  _U1P1 = 0x24c
                    0x024c                  _U1P1bits = 0x24c
                    0x024e                  U1P2 = 0x24e
                    0x024e                  _U1P2 = 0x24e
                    0x024e                  _U1P2bits = 0x24e
                    0x0250                  U1P3 = 0x250
                    0x0250                  _U1P3 = 0x250
                    0x0250                  _U1P3bits = 0x250
                    0x0252                  U1P3H = 0x252
                    0x0252                  _U1P3H = 0x252
                    0x0252                  _U1P3Hbits = 0x252
                    0x0254                  U1TXCHK = 0x254
                    0x0254                  _U1TXCHK = 0x254
                    0x0254                  _U1TXCHKbits = 0x254
                    0x0256                  U1RXCHK = 0x256
                    0x0256                  _U1RXCHK = 0x256
                    0x0256                  _U1RXCHKbits = 0x256
                    0x0258                  U1SCCON = 0x258
                    0x0258                  _U1SCCON = 0x258
                    0x0258                  _U1SCCONbits = 0x258
                    0x025a                  U1SCINT = 0x25a
                    0x025a                  _U1SCINT = 0x25a
                    0x025a                  _U1SCINTbits = 0x25a
                    0x025c                  U1INT = 0x25c
                    0x025c                  _U1INT = 0x25c
                    0x025c                  _U1INTbits = 0x25c
                    0x0260                  U2MODE = 0x260
                    0x0260                  _U2MODE = 0x260
                    0x0260                  _U2MODEbits = 0x260
                    0x0262                  U2MODEH = 0x262
                    0x0262                  _U2MODEH = 0x262
                    0x0262                  _U2MODEHbits = 0x262
                    0x0264                  U2STA = 0x264
                    0x0264                  _U2STA = 0x264
                    0x0264                  _U2STAbits = 0x264
                    0x0266                  U2STAH = 0x266
                    0x0266                  _U2STAH = 0x266
                    0x0266                  _U2STAHbits = 0x266
                    0x0268                  U2BRG = 0x268
                    0x0268                  _U2BRG = 0x268
                    0x0268                  _U2BRGbits = 0x268
                    0x026a                  U2BRGH = 0x26a
                    0x026a                  _U2BRGH = 0x26a
                    0x026a                  _U2BRGHbits = 0x26a
                    0x026c                  U2RXREG = 0x26c
                    0x026c                  _U2RXREG = 0x26c
                    0x026c                  _U2RXREGbits = 0x26c
                    0x0270                  U2TXREG = 0x270
                    0x0270                  _U2TXREG = 0x270
                    0x0270                  _U2TXREGbits = 0x270
                    0x0274                  U2P1 = 0x274
                    0x0274                  _U2P1 = 0x274
                    0x0274                  _U2P1bits = 0x274
                    0x0276                  U2P2 = 0x276
                    0x0276                  _U2P2 = 0x276
                    0x0276                  _U2P2bits = 0x276
                    0x0278                  U2P3 = 0x278
                    0x0278                  _U2P3 = 0x278
                    0x0278                  _U2P3bits = 0x278
                    0x027a                  U2P3H = 0x27a
                    0x027a                  _U2P3H = 0x27a
                    0x027a                  _U2P3Hbits = 0x27a
                    0x027c                  U2TXCHK = 0x27c
                    0x027c                  _U2TXCHK = 0x27c
                    0x027c                  _U2TXCHKbits = 0x27c
                    0x027e                  U2RXCHK = 0x27e
                    0x027e                  _U2RXCHK = 0x27e
                    0x027e                  _U2RXCHKbits = 0x27e
                    0x0280                  U2SCCON = 0x280
                    0x0280                  _U2SCCON = 0x280
                    0x0280                  _U2SCCONbits = 0x280
                    0x0282                  U2SCINT = 0x282
                    0x0282                  _U2SCINT = 0x282
                    0x0282                  _U2SCINTbits = 0x282
                    0x0284                  U2INT = 0x284
                    0x0284                  _U2INT = 0x284
                    0x0284                  _U2INTbits = 0x284
                    0x02ac                  SPI1CON1 = 0x2ac
                    0x02ac                  _SPI1CON1 = 0x2ac
                    0x02ac                  _SPI1CON1bits = 0x2ac
                    0x02ac                  SPI1CON1L = 0x2ac
                    0x02ac                  _SPI1CON1L = 0x2ac
                    0x02ac                  _SPI1CON1Lbits = 0x2ac
                    0x02ae                  SPI1CON1H = 0x2ae
                    0x02ae                  _SPI1CON1H = 0x2ae
                    0x02ae                  _SPI1CON1Hbits = 0x2ae
                    0x02ae                  SPI1CON2 = 0x2ae
                    0x02ae                  _SPI1CON2 = 0x2ae
                    0x02ae                  _SPI1CON2bits = 0x2ae
                    0x02b0                  SPI1CON2L = 0x2b0
                    0x02b0                  _SPI1CON2L = 0x2b0
                    0x02b0                  _SPI1CON2Lbits = 0x2b0
                    0x02b0                  SPI1CON3 = 0x2b0
                    0x02b0                  _SPI1CON3 = 0x2b0
                    0x02b0                  _SPI1CON3bits = 0x2b0
                    0x02b4                  SPI1STATL = 0x2b4
                    0x02b4                  _SPI1STATL = 0x2b4
                    0x02b4                  _SPI1STATLbits = 0x2b4
                    0x02b6                  SPI1STATH = 0x2b6
                    0x02b6                  _SPI1STATH = 0x2b6
                    0x02b6                  _SPI1STATHbits = 0x2b6
                    0x02b8                  SPI1BUFL = 0x2b8
                    0x02b8                  _SPI1BUFL = 0x2b8
                    0x02b8                  _SPI1BUFLbits = 0x2b8
                    0x02ba                  SPI1BUFH = 0x2ba
                    0x02ba                  _SPI1BUFH = 0x2ba
                    0x02ba                  _SPI1BUFHbits = 0x2ba
                    0x02bc                  SPI1BRGL = 0x2bc
                    0x02bc                  _SPI1BRGL = 0x2bc
                    0x02bc                  _SPI1BRGLbits = 0x2bc
                    0x02c0                  SPI1IMSK1 = 0x2c0
                    0x02c0                  _SPI1IMSK1 = 0x2c0
                    0x02c0                  _SPI1IMSK1bits = 0x2c0
                    0x02c0                  SPI1IMSKL = 0x2c0
                    0x02c0                  _SPI1IMSKL = 0x2c0
                    0x02c0                  _SPI1IMSKLbits = 0x2c0
                    0x02c2                  SPI1IMSK2 = 0x2c2
                    0x02c2                  _SPI1IMSK2 = 0x2c2
                    0x02c2                  _SPI1IMSK2bits = 0x2c2
                    0x02c2                  SPI1IMSKH = 0x2c2
                    0x02c2                  _SPI1IMSKH = 0x2c2
                    0x02c2                  _SPI1IMSKHbits = 0x2c2
                    0x02c4                  SPI1URDTL = 0x2c4
                    0x02c4                  _SPI1URDTL = 0x2c4
                    0x02c4                  _SPI1URDTLbits = 0x2c4
                    0x02c6                  SPI1URDTH = 0x2c6
                    0x02c6                  _SPI1URDTH = 0x2c6
                    0x02c6                  _SPI1URDTHbits = 0x2c6
                    0x02c8                  SPI2CON1 = 0x2c8
                    0x02c8                  _SPI2CON1 = 0x2c8
                    0x02c8                  _SPI2CON1bits = 0x2c8
                    0x02c8                  SPI2CON1L = 0x2c8
                    0x02c8                  _SPI2CON1L = 0x2c8
                    0x02c8                  _SPI2CON1Lbits = 0x2c8
                    0x02ca                  SPI2CON1H = 0x2ca
                    0x02ca                  _SPI2CON1H = 0x2ca
                    0x02ca                  _SPI2CON1Hbits = 0x2ca
                    0x02ca                  SPI2CON2 = 0x2ca
                    0x02ca                  _SPI2CON2 = 0x2ca
                    0x02ca                  _SPI2CON2bits = 0x2ca
                    0x02cc                  SPI2CON2L = 0x2cc
                    0x02cc                  _SPI2CON2L = 0x2cc
                    0x02cc                  _SPI2CON2Lbits = 0x2cc
                    0x02cc                  SPI2CON3 = 0x2cc
                    0x02cc                  _SPI2CON3 = 0x2cc
                    0x02cc                  _SPI2CON3bits = 0x2cc
                    0x02d0                  SPI2STATL = 0x2d0
                    0x02d0                  _SPI2STATL = 0x2d0
                    0x02d0                  _SPI2STATLbits = 0x2d0
                    0x02d2                  SPI2STATH = 0x2d2
                    0x02d2                  _SPI2STATH = 0x2d2
                    0x02d2                  _SPI2STATHbits = 0x2d2
                    0x02d4                  SPI2BUFL = 0x2d4
                    0x02d4                  _SPI2BUFL = 0x2d4
                    0x02d4                  _SPI2BUFLbits = 0x2d4
                    0x02d6                  SPI2BUFH = 0x2d6
                    0x02d6                  _SPI2BUFH = 0x2d6
                    0x02d6                  _SPI2BUFHbits = 0x2d6
                    0x02d8                  SPI2BRGL = 0x2d8
                    0x02d8                  _SPI2BRGL = 0x2d8
                    0x02d8                  _SPI2BRGLbits = 0x2d8
                    0x02dc                  SPI2IMSK1 = 0x2dc
                    0x02dc                  _SPI2IMSK1 = 0x2dc
                    0x02dc                  _SPI2IMSK1bits = 0x2dc
                    0x02dc                  SPI2IMSKL = 0x2dc
                    0x02dc                  _SPI2IMSKL = 0x2dc
                    0x02dc                  _SPI2IMSKLbits = 0x2dc
                    0x02de                  SPI2IMSK2 = 0x2de
                    0x02de                  _SPI2IMSK2 = 0x2de
                    0x02de                  _SPI2IMSK2bits = 0x2de
                    0x02de                  SPI2IMSKH = 0x2de
                    0x02de                  _SPI2IMSKH = 0x2de
                    0x02de                  _SPI2IMSKHbits = 0x2de
                    0x02e0                  SPI2URDTL = 0x2e0
                    0x02e0                  _SPI2URDTL = 0x2e0
                    0x02e0                  _SPI2URDTLbits = 0x2e0
                    0x02e2                  SPI2URDTH = 0x2e2
                    0x02e2                  _SPI2URDTH = 0x2e2
                    0x02e2                  _SPI2URDTHbits = 0x2e2
                    0x0300                  PCLKCON = 0x300
                    0x0300                  _PCLKCON = 0x300
                    0x0300                  _PCLKCONbits = 0x300
                    0x0302                  FSCL = 0x302
                    0x0302                  _FSCL = 0x302
                    0x0304                  FSMINPER = 0x304
                    0x0304                  _FSMINPER = 0x304
                    0x0306                  MPHASE = 0x306
                    0x0306                  _MPHASE = 0x306
                    0x0308                  MDC = 0x308
                    0x0308                  _MDC = 0x308
                    0x030a                  MPER = 0x30a
                    0x030a                  _MPER = 0x30a
                    0x030c                  LFSR = 0x30c
                    0x030c                  _LFSR = 0x30c
                    0x030c                  _LFSRbits = 0x30c
                    0x030e                  CMBTRIGL = 0x30e
                    0x030e                  _CMBTRIGL = 0x30e
                    0x030e                  _CMBTRIGLbits = 0x30e
                    0x0310                  CMBTRIGH = 0x310
                    0x0310                  _CMBTRIGH = 0x310
                    0x0310                  _CMBTRIGHbits = 0x310
                    0x0312                  LOGCONA = 0x312
                    0x0312                  _LOGCONA = 0x312
                    0x0312                  _LOGCONAbits = 0x312
                    0x0314                  LOGCONB = 0x314
                    0x0314                  _LOGCONB = 0x314
                    0x0314                  _LOGCONBbits = 0x314
                    0x0316                  LOGCONC = 0x316
                    0x0316                  _LOGCONC = 0x316
                    0x0316                  _LOGCONCbits = 0x316
                    0x0318                  LOGCOND = 0x318
                    0x0318                  _LOGCOND = 0x318
                    0x0318                  _LOGCONDbits = 0x318
                    0x031a                  LOGCONE = 0x31a
                    0x031a                  _LOGCONE = 0x31a
                    0x031a                  _LOGCONEbits = 0x31a
                    0x031c                  LOGCONF = 0x31c
                    0x031c                  _LOGCONF = 0x31c
                    0x031c                  _LOGCONFbits = 0x31c
                    0x031e                  PWMEVTA = 0x31e
                    0x031e                  _PWMEVTA = 0x31e
                    0x031e                  _PWMEVTAbits = 0x31e
                    0x0320                  PWMEVTB = 0x320
                    0x0320                  _PWMEVTB = 0x320
                    0x0320                  _PWMEVTBbits = 0x320
                    0x0322                  PWMEVTC = 0x322
                    0x0322                  _PWMEVTC = 0x322
                    0x0322                  _PWMEVTCbits = 0x322
                    0x0324                  PWMEVTD = 0x324
                    0x0324                  _PWMEVTD = 0x324
                    0x0324                  _PWMEVTDbits = 0x324
                    0x0326                  PWMEVTE = 0x326
                    0x0326                  _PWMEVTE = 0x326
                    0x0326                  _PWMEVTEbits = 0x326
                    0x0328                  PWMEVTF = 0x328
                    0x0328                  _PWMEVTF = 0x328
                    0x0328                  _PWMEVTFbits = 0x328
                    0x032a                  PG1CONL = 0x32a
                    0x032a                  _PG1CONL = 0x32a
                    0x032a                  _PG1CONLbits = 0x32a
                    0x032c                  PG1CONH = 0x32c
                    0x032c                  _PG1CONH = 0x32c
                    0x032c                  _PG1CONHbits = 0x32c
                    0x032e                  PG1STAT = 0x32e
                    0x032e                  _PG1STAT = 0x32e
                    0x032e                  _PG1STATbits = 0x32e
                    0x0330                  PG1IOCONL = 0x330
                    0x0330                  _PG1IOCONL = 0x330
                    0x0330                  _PG1IOCONLbits = 0x330
                    0x0332                  PG1IOCONH = 0x332
                    0x0332                  _PG1IOCONH = 0x332
                    0x0332                  _PG1IOCONHbits = 0x332
                    0x0334                  PG1EVTL = 0x334
                    0x0334                  _PG1EVTL = 0x334
                    0x0334                  _PG1EVTLbits = 0x334
                    0x0336                  PG1EVTH = 0x336
                    0x0336                  _PG1EVTH = 0x336
                    0x0336                  _PG1EVTHbits = 0x336
                    0x0338                  PG1FPCIL = 0x338
                    0x0338                  _PG1FPCIL = 0x338
                    0x0338                  _PG1FPCILbits = 0x338
                    0x033a                  PG1FPCIH = 0x33a
                    0x033a                  _PG1FPCIH = 0x33a
                    0x033a                  _PG1FPCIHbits = 0x33a
                    0x033c                  PG1CLPCIL = 0x33c
                    0x033c                  _PG1CLPCIL = 0x33c
                    0x033c                  _PG1CLPCILbits = 0x33c
                    0x033e                  PG1CLPCIH = 0x33e
                    0x033e                  _PG1CLPCIH = 0x33e
                    0x033e                  _PG1CLPCIHbits = 0x33e
                    0x0340                  PG1FFPCIL = 0x340
                    0x0340                  _PG1FFPCIL = 0x340
                    0x0340                  _PG1FFPCILbits = 0x340
                    0x0342                  PG1FFPCIH = 0x342
                    0x0342                  _PG1FFPCIH = 0x342
                    0x0342                  _PG1FFPCIHbits = 0x342
                    0x0344                  PG1SPCIL = 0x344
                    0x0344                  _PG1SPCIL = 0x344
                    0x0344                  _PG1SPCILbits = 0x344
                    0x0346                  PG1SPCIH = 0x346
                    0x0346                  _PG1SPCIH = 0x346
                    0x0346                  _PG1SPCIHbits = 0x346
                    0x0348                  PG1LEBL = 0x348
                    0x0348                  _PG1LEBL = 0x348
                    0x034a                  PG1LEBH = 0x34a
                    0x034a                  _PG1LEBH = 0x34a
                    0x034a                  _PG1LEBHbits = 0x34a
                    0x034c                  PG1PHASE = 0x34c
                    0x034c                  _PG1PHASE = 0x34c
                    0x034e                  PG1DC = 0x34e
                    0x034e                  _PG1DC = 0x34e
                    0x0350                  PG1DCA = 0x350
                    0x0350                  _PG1DCA = 0x350
                    0x0350                  _PG1DCAbits = 0x350
                    0x0352                  PG1PER = 0x352
                    0x0352                  _PG1PER = 0x352
                    0x0354                  PG1TRIGA = 0x354
                    0x0354                  _PG1TRIGA = 0x354
                    0x0356                  PG1TRIGB = 0x356
                    0x0356                  _PG1TRIGB = 0x356
                    0x0358                  PG1TRIGC = 0x358
                    0x0358                  _PG1TRIGC = 0x358
                    0x035a                  PG1DTL = 0x35a
                    0x035a                  _PG1DTL = 0x35a
                    0x035a                  _PG1DTLbits = 0x35a
                    0x035c                  PG1DTH = 0x35c
                    0x035c                  _PG1DTH = 0x35c
                    0x035c                  _PG1DTHbits = 0x35c
                    0x035e                  PG1CAP = 0x35e
                    0x035e                  _PG1CAP = 0x35e
                    0x0360                  PG2CONL = 0x360
                    0x0360                  _PG2CONL = 0x360
                    0x0360                  _PG2CONLbits = 0x360
                    0x0362                  PG2CONH = 0x362
                    0x0362                  _PG2CONH = 0x362
                    0x0362                  _PG2CONHbits = 0x362
                    0x0364                  PG2STAT = 0x364
                    0x0364                  _PG2STAT = 0x364
                    0x0364                  _PG2STATbits = 0x364
                    0x0366                  PG2IOCONL = 0x366
                    0x0366                  _PG2IOCONL = 0x366
                    0x0366                  _PG2IOCONLbits = 0x366
                    0x0368                  PG2IOCONH = 0x368
                    0x0368                  _PG2IOCONH = 0x368
                    0x0368                  _PG2IOCONHbits = 0x368
                    0x036a                  PG2EVTL = 0x36a
                    0x036a                  _PG2EVTL = 0x36a
                    0x036a                  _PG2EVTLbits = 0x36a
                    0x036c                  PG2EVTH = 0x36c
                    0x036c                  _PG2EVTH = 0x36c
                    0x036c                  _PG2EVTHbits = 0x36c
                    0x036e                  PG2FPCIL = 0x36e
                    0x036e                  _PG2FPCIL = 0x36e
                    0x036e                  _PG2FPCILbits = 0x36e
                    0x0370                  PG2FPCIH = 0x370
                    0x0370                  _PG2FPCIH = 0x370
                    0x0370                  _PG2FPCIHbits = 0x370
                    0x0372                  PG2CLPCIL = 0x372
                    0x0372                  _PG2CLPCIL = 0x372